Archive member included to satisfy reference by file (symbol)

F:/stm/STM32CubeIDE_1.19.0/STM32CubeIDE/plugins/com.st.stm32cube.ide.mcu.externaltools.gnu-tools-for-stm32.13.3.rel1.win32_1.0.0.202411081344/tools/bin/../lib/gcc/arm-none-eabi/13.3.1/../../../../arm-none-eabi/lib/thumb/v7e-m+fp/hard\libc_nano.a(libc_a-exit.o)
                              F:/stm/STM32CubeIDE_1.19.0/STM32CubeIDE/plugins/com.st.stm32cube.ide.mcu.externaltools.gnu-tools-for-stm32.13.3.rel1.win32_1.0.0.202411081344/tools/bin/../lib/gcc/arm-none-eabi/13.3.1/../../../../arm-none-eabi/lib/thumb/v7e-m+fp/hard/crt0.o (exit)
F:/stm/STM32CubeIDE_1.19.0/STM32CubeIDE/plugins/com.st.stm32cube.ide.mcu.externaltools.gnu-tools-for-stm32.13.3.rel1.win32_1.0.0.202411081344/tools/bin/../lib/gcc/arm-none-eabi/13.3.1/../../../../arm-none-eabi/lib/thumb/v7e-m+fp/hard\libc_nano.a(libc_a-fclose.o)
                              ./hagl/src/hagl.o (fclose)
F:/stm/STM32CubeIDE_1.19.0/STM32CubeIDE/plugins/com.st.stm32cube.ide.mcu.externaltools.gnu-tools-for-stm32.13.3.rel1.win32_1.0.0.202411081344/tools/bin/../lib/gcc/arm-none-eabi/13.3.1/../../../../arm-none-eabi/lib/thumb/v7e-m+fp/hard\libc_nano.a(libc_a-fflush.o)
                              F:/stm/STM32CubeIDE_1.19.0/STM32CubeIDE/plugins/com.st.stm32cube.ide.mcu.externaltools.gnu-tools-for-stm32.13.3.rel1.win32_1.0.0.202411081344/tools/bin/../lib/gcc/arm-none-eabi/13.3.1/../../../../arm-none-eabi/lib/thumb/v7e-m+fp/hard\libc_nano.a(libc_a-fclose.o) (__sflush_r)
F:/stm/STM32CubeIDE_1.19.0/STM32CubeIDE/plugins/com.st.stm32cube.ide.mcu.externaltools.gnu-tools-for-stm32.13.3.rel1.win32_1.0.0.202411081344/tools/bin/../lib/gcc/arm-none-eabi/13.3.1/../../../../arm-none-eabi/lib/thumb/v7e-m+fp/hard\libc_nano.a(libc_a-findfp.o)
                              F:/stm/STM32CubeIDE_1.19.0/STM32CubeIDE/plugins/com.st.stm32cube.ide.mcu.externaltools.gnu-tools-for-stm32.13.3.rel1.win32_1.0.0.202411081344/tools/bin/../lib/gcc/arm-none-eabi/13.3.1/../../../../arm-none-eabi/lib/thumb/v7e-m+fp/hard\libc_nano.a(libc_a-fflush.o) (__sglue)
F:/stm/STM32CubeIDE_1.19.0/STM32CubeIDE/plugins/com.st.stm32cube.ide.mcu.externaltools.gnu-tools-for-stm32.13.3.rel1.win32_1.0.0.202411081344/tools/bin/../lib/gcc/arm-none-eabi/13.3.1/../../../../arm-none-eabi/lib/thumb/v7e-m+fp/hard\libc_nano.a(libc_a-fopen.o)
                              ./hagl/src/hagl.o (fopen)
F:/stm/STM32CubeIDE_1.19.0/STM32CubeIDE/plugins/com.st.stm32cube.ide.mcu.externaltools.gnu-tools-for-stm32.13.3.rel1.win32_1.0.0.202411081344/tools/bin/../lib/gcc/arm-none-eabi/13.3.1/../../../../arm-none-eabi/lib/thumb/v7e-m+fp/hard\libc_nano.a(libc_a-fread.o)
                              ./hagl/src/hagl.o (fread)
F:/stm/STM32CubeIDE_1.19.0/STM32CubeIDE/plugins/com.st.stm32cube.ide.mcu.externaltools.gnu-tools-for-stm32.13.3.rel1.win32_1.0.0.202411081344/tools/bin/../lib/gcc/arm-none-eabi/13.3.1/../../../../arm-none-eabi/lib/thumb/v7e-m+fp/hard\libc_nano.a(libc_a-fseek.o)
                              F:/stm/STM32CubeIDE_1.19.0/STM32CubeIDE/plugins/com.st.stm32cube.ide.mcu.externaltools.gnu-tools-for-stm32.13.3.rel1.win32_1.0.0.202411081344/tools/bin/../lib/gcc/arm-none-eabi/13.3.1/../../../../arm-none-eabi/lib/thumb/v7e-m+fp/hard\libc_nano.a(libc_a-fopen.o) (_fseek_r)
F:/stm/STM32CubeIDE_1.19.0/STM32CubeIDE/plugins/com.st.stm32cube.ide.mcu.externaltools.gnu-tools-for-stm32.13.3.rel1.win32_1.0.0.202411081344/tools/bin/../lib/gcc/arm-none-eabi/13.3.1/../../../../arm-none-eabi/lib/thumb/v7e-m+fp/hard\libc_nano.a(libc_a-fwalk.o)
                              F:/stm/STM32CubeIDE_1.19.0/STM32CubeIDE/plugins/com.st.stm32cube.ide.mcu.externaltools.gnu-tools-for-stm32.13.3.rel1.win32_1.0.0.202411081344/tools/bin/../lib/gcc/arm-none-eabi/13.3.1/../../../../arm-none-eabi/lib/thumb/v7e-m+fp/hard\libc_nano.a(libc_a-fflush.o) (_fwalk_sglue)
F:/stm/STM32CubeIDE_1.19.0/STM32CubeIDE/plugins/com.st.stm32cube.ide.mcu.externaltools.gnu-tools-for-stm32.13.3.rel1.win32_1.0.0.202411081344/tools/bin/../lib/gcc/arm-none-eabi/13.3.1/../../../../arm-none-eabi/lib/thumb/v7e-m+fp/hard\libc_nano.a(libc_a-refill.o)
                              F:/stm/STM32CubeIDE_1.19.0/STM32CubeIDE/plugins/com.st.stm32cube.ide.mcu.externaltools.gnu-tools-for-stm32.13.3.rel1.win32_1.0.0.202411081344/tools/bin/../lib/gcc/arm-none-eabi/13.3.1/../../../../arm-none-eabi/lib/thumb/v7e-m+fp/hard\libc_nano.a(libc_a-fread.o) (__srefill_r)
F:/stm/STM32CubeIDE_1.19.0/STM32CubeIDE/plugins/com.st.stm32cube.ide.mcu.externaltools.gnu-tools-for-stm32.13.3.rel1.win32_1.0.0.202411081344/tools/bin/../lib/gcc/arm-none-eabi/13.3.1/../../../../arm-none-eabi/lib/thumb/v7e-m+fp/hard\libc_nano.a(libc_a-sprintf.o)
                              ./Core/Src/main.o (sprintf)
F:/stm/STM32CubeIDE_1.19.0/STM32CubeIDE/plugins/com.st.stm32cube.ide.mcu.externaltools.gnu-tools-for-stm32.13.3.rel1.win32_1.0.0.202411081344/tools/bin/../lib/gcc/arm-none-eabi/13.3.1/../../../../arm-none-eabi/lib/thumb/v7e-m+fp/hard\libc_nano.a(libc_a-stdio.o)
[...]
Memory Configuration

Name             Origin             Length             Attributes
RAM              0x20000000         0x00018000         xrw
RAM2             0x10000000         0x00008000         xrw
FLASH            0x08000000         0x00100000         xr
*default*        0x00000000         0xffffffff

Linker script and memory map

LOAD F:/stm/STM32CubeIDE_1.19.0/STM32CubeIDE/plugins/com.st.stm32cube.ide.mcu.externaltools.gnu-tools-for-stm32.13.3.rel1.win32_1.0.0.202411081344/tools/bin/../lib/gcc/arm-none-eabi/13.3.1/thumb/v7e-m+fp/hard/crti.o
LOAD F:/stm/STM32CubeIDE_1.19.0/STM32CubeIDE/plugins/com.st.stm32cube.ide.mcu.externaltools.gnu-tools-for-stm32.13.3.rel1.win32_1.0.0.202411081344/tools/bin/../lib/gcc/arm-none-eabi/13.3.1/thumb/v7e-m+fp/hard/crtbegin.o
LOAD F:/stm/STM32CubeIDE_1.19.0/STM32CubeIDE/plugins/com.st.stm32cube.ide.mcu.externaltools.gnu-tools-for-stm32.13.3.rel1.win32_1.0.0.202411081344/tools/bin/../lib/gcc/arm-none-eabi/13.3.1/../../../../arm-none-eabi/lib/thumb/v7e-m+fp/hard/crt0.o
LOAD ./Core/Src/adc.o
LOAD ./Core/Src/dma.o
LOAD ./Core/Src/gpio.o
LOAD ./Core/Src/lcd.o
LOAD ./Core/Src/main.o
LOAD ./Core/Src/python_logo.o
LOAD ./Core/Src/spi.o
LOAD ./Core/Src/sprites.o
LOAD ./Core/Src/stm32l4xx_hal_msp.o
LOAD ./Core/Src/stm32l4xx_it.o
LOAD ./Core/Src/syscalls.o
LOAD ./Core/Src/sysmem.o
LOAD ./Core/Src/system_stm32l4xx.o
LOAD ./Core/Startup/startup_stm32l476rgtx.o
LOAD ./Drivers/STM32L4xx_HAL_Driver/Src/stm32l4xx_hal.o
LOAD ./Drivers/STM32L4xx_HAL_Driver/Src/stm32l4xx_hal_adc.o
LOAD ./Drivers/STM32L4xx_HAL_Driver/Src/stm32l4xx_hal_adc_ex.o
LOAD ./Drivers/STM32L4xx_HAL_Driver/Src/stm32l4xx_hal_cortex.o
LOAD ./Drivers/STM32L4xx_HAL_Driver/Src/stm32l4xx_hal_dma.o
LOAD ./Drivers/STM32L4xx_HAL_Driver/Src/stm32l4xx_hal_dma_ex.o
LOAD ./Drivers/STM32L4xx_HAL_Driver/Src/stm32l4xx_hal_exti.o
LOAD ./Drivers/STM32L4xx_HAL_Driver/Src/stm32l4xx_hal_flash.o
LOAD ./Drivers/STM32L4xx_HAL_Driver/Src/stm32l4xx_hal_flash_ex.o
LOAD ./Drivers/STM32L4xx_HAL_Driver/Src/stm32l4xx_hal_flash_ramfunc.o
LOAD ./Drivers/STM32L4xx_HAL_Driver/Src/stm32l4xx_hal_gpio.o
LOAD ./Drivers/STM32L4xx_HAL_Driver/Src/stm32l4xx_hal_i2c.o
LOAD ./Drivers/STM32L4xx_HAL_Driver/Src/stm32l4xx_hal_i2c_ex.o
LOAD ./Drivers/STM32L4xx_HAL_Driver/Src/stm32l4xx_hal_pwr.o
LOAD ./Drivers/STM32L4xx_HAL_Driver/Src/stm32l4xx_hal_pwr_ex.o
LOAD ./Drivers/STM32L4xx_HAL_Driver/Src/stm32l4xx_hal_rcc.o
LOAD ./Drivers/STM32L4xx_HAL_Driver/Src/stm32l4xx_hal_rcc_ex.o
LOAD ./Drivers/STM32L4xx_HAL_Driver/Src/stm32l4xx_hal_spi.o
LOAD ./Drivers/STM32L4xx_HAL_Driver/Src/stm32l4xx_hal_spi_ex.o
LOAD ./hagl/src/bitmap.o
LOAD ./hagl/src/clip.o
LOAD ./hagl/src/fontx.o
LOAD ./hagl/src/hagl.o
LOAD ./hagl/src/hsl.o
LOAD ./hagl/src/rgb565.o
LOAD ./hagl/src/rgb888.o
LOAD ./hagl/src/tjpgd.o
START GROUP
LOAD F:/stm/STM32CubeIDE_1.19.0/STM32CubeIDE/plugins/com.st.stm32cube.ide.mcu.externaltools.gnu-tools-for-stm32.13.3.rel1.win32_1.0.0.202411081344/tools/bin/../lib/gcc/arm-none-eabi/13.3.1/../../../../arm-none-eabi/lib/thumb/v7e-m+fp/hard\libc_nano.a
LOAD F:/stm/STM32CubeIDE_1.19.0/STM32CubeIDE/plugins/com.st.stm32cube.ide.mcu.externaltools.gnu-tools-for-stm32.13.3.rel1.win32_1.0.0.202411081344/tools/bin/../lib/gcc/arm-none-eabi/13.3.1/../../../../arm-none-eabi/lib/thumb/v7e-m+fp/hard\libm.a
END GROUP
START GROUP
LOAD F:/stm/STM32CubeIDE_1.19.0/STM32CubeIDE/plugins/com.st.stm32cube.ide.mcu.externaltools.gnu-tools-for-stm32.13.3.rel1.win32_1.0.0.202411081344/tools/bin/../lib/gcc/arm-none-eabi/13.3.1/thumb/v7e-m+fp/hard\libgcc.a
LOAD F:/stm/STM32CubeIDE_1.19.0/STM32CubeIDE/plugins/com.st.stm32cube.ide.mcu.externaltools.gnu-tools-for-stm32.13.3.rel1.win32_1.0.0.202411081344/tools/bin/../lib/gcc/arm-none-eabi/13.3.1/../../../../arm-none-eabi/lib/thumb/v7e-m+fp/hard\libc_nano.a
END GROUP
START GROUP
LOAD F:/stm/STM32CubeIDE_1.19.0/STM32CubeIDE/plugins/com.st.stm32cube.ide.mcu.externaltools.gnu-tools-for-stm32.13.3.rel1.win32_1.0.0.202411081344/tools/bin/../lib/gcc/arm-none-eabi/13.3.1/thumb/v7e-m+fp/hard\libgcc.a
LOAD F:/stm/STM32CubeIDE_1.19.0/STM32CubeIDE/plugins/com.st.stm32cube.ide.mcu.externaltools.gnu-tools-for-stm32.13.3.rel1.win32_1.0.0.202411081344/tools/bin/../lib/gcc/arm-none-eabi/13.3.1/../../../../arm-none-eabi/lib/thumb/v7e-m+fp/hard\libc_nano.a
LOAD F:/stm/STM32CubeIDE_1.19.0/STM32CubeIDE/plugins/com.st.stm32cube.ide.mcu.externaltools.gnu-tools-for-stm32.13.3.rel1.win32_1.0.0.202411081344/tools/bin/../lib/gcc/arm-none-eabi/13.3.1/../../../../arm-none-eabi/lib/thumb/v7e-m+fp/hard\libnosys.a
END GROUP
START GROUP
LOAD F:/stm/STM32CubeIDE_1.19.0/STM32CubeIDE/plugins/com.st.stm32cube.ide.mcu.externaltools.gnu-tools-for-stm32.13.3.rel1.win32_1.0.0.202411081344/tools/bin/../lib/gcc/arm-none-eabi/13.3.1/thumb/v7e-m+fp/hard\libgcc.a
LOAD F:/stm/STM32CubeIDE_1.19.0/STM32CubeIDE/plugins/com.st.stm32cube.ide.mcu.externaltools.gnu-tools-for-stm32.13.3.rel1.win32_1.0.0.202411081344/tools/bin/../lib/gcc/arm-none-eabi/13.3.1/../../../../arm-none-eabi/lib/thumb/v7e-m+fp/hard\libc_nano.a
LOAD F:/stm/STM32CubeIDE_1.19.0/STM32CubeIDE/plugins/com.st.stm32cube.ide.mcu.externaltools.gnu-tools-for-stm32.13.3.rel1.win32_1.0.0.202411081344/tools/bin/../lib/gcc/arm-none-eabi/13.3.1/../../../../arm-none-eabi/lib/thumb/v7e-m+fp/hard\libnosys.a
END GROUP
LOAD F:/stm/STM32CubeIDE_1.19.0/STM32CubeIDE/plugins/com.st.stm32cube.ide.mcu.externaltools.gnu-tools-for-stm32.13.3.rel1.win32_1.0.0.202411081344/tools/bin/../lib/gcc/arm-none-eabi/13.3.1/thumb/v7e-m+fp/hard/crtend.o
LOAD F:/stm/STM32CubeIDE_1.19.0/STM32CubeIDE/plugins/com.st.stm32cube.ide.mcu.externaltools.gnu-tools-for-stm32.13.3.rel1.win32_1.0.0.202411081344/tools/bin/../lib/gcc/arm-none-eabi/13.3.1/thumb/v7e-m+fp/hard/crtn.o
                0x20018000                        _estack = (ORIGIN (RAM) + LENGTH (RAM))
                0x00000200                        _Min_Heap_Size = 0x200
                0x00002000                        _Min_Stack_Size = 0x2000

.isr_vector     0x08000000      0x188
                0x08000000                        . = ALIGN (0x4)
 *(.isr_vector)
 .isr_vector    0x08000000      0x188 ./Core/Startup/startup_stm32l476rgtx.o
                0x08000000                g_pfnVectors
                0x08000188                        . = ALIGN (0x4)

.text           0x08000190     0x6948
                0x08000190                        . = ALIGN (0x4)
 *(.text)
 .text          0x08000190       0x40 F:/stm/STM32CubeIDE_1.19.0/STM32CubeIDE/plugins/com.st.stm32cube.ide.mcu.externaltools.gnu-tools-for-stm32.13.3.rel1.win32_1.0.0.202411081344/tools/bin/../lib/gcc/arm-none-eabi/13.3.1/thumb/v7e-m+fp/hard/crtbegin.o
 .text          0x080001d0       0xa0 F:/stm/STM32CubeIDE_1.19.0/STM32CubeIDE/plugins/com.st.stm32cube.ide.mcu.externaltools.gnu-tools-for-stm32.13.3.rel1.win32_1.0.0.202411081344/tools/bin/../lib/gcc/arm-none-eabi/13.3.1/../../../../arm-none-eabi/lib/thumb/v7e-m+fp/hard\libc_nano.a(libc_a-memchr.o)
                0x080001d0                memchr
 *(.text*)
 .text.MX_ADC1_Init
                0x08000270      0x110 ./Core/Src/adc.o
                0x08000270                MX_ADC1_Init
 .text.HAL_ADC_MspInit
                0x08000380      0x130 ./Core/Src/adc.o
                0x08000380                HAL_ADC_MspInit
 .text.MX_DMA_Init
                0x080004b0       0x4c ./Core/Src/dma.o
                0x080004b0                MX_DMA_Init
 .text.MX_GPIO_Init
                0x080004fc      0x144 ./Core/Src/gpio.o
                0x080004fc                MX_GPIO_Init
 .text.lcd_cmd  0x08000640       0x4c ./Core/Src/lcd.o
 .text.lcd_data
                0x0800068c       0x4c ./Core/Src/lcd.o
 .text.lcd_send
                0x080006d8       0x32 ./Core/Src/lcd.o
 .text.lcd_data16
                0x0800070a       0x2a ./Core/Src/lcd.o
 .text.lcd_set_window
                0x08000734       0x66 ./Core/Src/lcd.o
 *fill*         0x0800079a        0x2 
 .text.lcd_init
                0x0800079c       0x70 ./Core/Src/lcd.o
                0x0800079c                lcd_init
 .text.lcd_put_pixel
                0x0800080c       0x38 ./Core/Src/lcd.o
                0x0800080c                lcd_put_pixel
 .text.lcd_copy
                0x08000844       0x4c ./Core/Src/lcd.o
                0x08000844                lcd_copy
 .text.lcd_transfer_done
                0x08000890       0x18 ./Core/Src/lcd.o
                0x08000890                lcd_transfer_done
 .text.lcd_is_busy
                0x080008a8       0x20 ./Core/Src/lcd.o
                0x080008a8                lcd_is_busy
 .text.char_to_wchar
                0x080008c8       0x5c ./Core/Src/main.o
                0x080008c8                char_to_wchar
 .text.HAL_SPI_TxCpltCallback
                0x08000924       0x20 ./Core/Src/main.o
                0x08000924                HAL_SPI_TxCpltCallback
 .text.Read_Joystick_ADC
                0x08000944       0x48 ./Core/Src/main.o
                0x08000944                Read_Joystick_ADC
 .text.draw_image
                0x0800098c       0x8a ./Core/Src/main.o
                0x0800098c                draw_image
 .text.restart_wave.0
                0x08000a16       0x80 ./Core/Src/main.o
 *fill*         0x08000a96        0x2 
 .text.main     0x08000a98      0x8a4 ./Core/Src/main.o
                0x08000a98                main
 .text.SystemClock_Config
                0x0800133c       0xa2 ./Core/Src/main.o
                0x0800133c                SystemClock_Config
 .text.Error_Handler
                0x080013de        0xc ./Core/Src/main.o
                0x080013de                Error_Handler
 *fill*         0x080013ea        0x2 
 .text.MX_SPI2_Init
                0x080013ec       0x7c ./Core/Src/spi.o
                0x080013ec                MX_SPI2_Init
 .text.HAL_SPI_MspInit
                0x08001468      0x120 ./Core/Src/spi.o
                0x08001468                HAL_SPI_MspInit
 .text.HAL_MspInit
                0x08001588       0x48 ./Core/Src/stm32l4xx_hal_msp.o
                0x08001588                HAL_MspInit
 .text.NMI_Handler
                0x080015d0        0x8 ./Core/Src/stm32l4xx_it.o
                0x080015d0                NMI_Handler
 .text.HardFault_Handler
                0x080015d8        0x8 ./Core/Src/stm32l4xx_it.o
                0x080015d8                HardFault_Handler
 .text.MemManage_Handler
                0x080015e0        0x8 ./Core/Src/stm32l4xx_it.o
                0x080015e0                MemManage_Handler
 .text.BusFault_Handler
                0x080015e8        0x8 ./Core/Src/stm32l4xx_it.o
                0x080015e8                BusFault_Handler
 .text.UsageFault_Handler
                0x080015f0        0x8 ./Core/Src/stm32l4xx_it.o
                0x080015f0                UsageFault_Handler
 .text.SVC_Handler
                0x080015f8        0xe ./Core/Src/stm32l4xx_it.o
                0x080015f8                SVC_Handler
 .text.DebugMon_Handler
                0x08001606        0xe ./Core/Src/stm32l4xx_it.o
                0x08001606                DebugMon_Handler
 .text.PendSV_Handler
                0x08001614        0xe ./Core/Src/stm32l4xx_it.o
                0x08001614                PendSV_Handler
 .text.SysTick_Handler
                0x08001622        0xc ./Core/Src/stm32l4xx_it.o
                0x08001622                SysTick_Handler
 *fill*         0x0800162e        0x2 
 .text.DMA1_Channel1_IRQHandler
                0x08001630       0x14 ./Core/Src/stm32l4xx_it.o
                0x08001630                DMA1_Channel1_IRQHandler
 .text.DMA1_Channel5_IRQHandler
                0x08001644       0x14 ./Core/Src/stm32l4xx_it.o
                0x08001644                DMA1_Channel5_IRQHandler
 .text._sbrk    0x08001658       0x6c ./Core/Src/sysmem.o
                0x08001658                _sbrk
 .text.SystemInit
                0x080016c4       0x24 ./Core/Src/system_stm32l4xx.o
                0x080016c4                SystemInit
 .text.Reset_Handler
                0x080016e8       0x50 ./Core/Startup/startup_stm32l476rgtx.o
                0x080016e8                Reset_Handler
 .text.Default_Handler
                0x08001738        0x2 ./Core/Startup/startup_stm32l476rgtx.o
                0x08001738                RTC_Alarm_IRQHandler
                0x08001738                EXTI2_IRQHandler
                0x08001738                TIM8_TRG_COM_IRQHandler
                0x08001738                TIM8_CC_IRQHandler
                0x08001738                TIM1_CC_IRQHandler
                0x08001738                TSC_IRQHandler
                0x08001738                TAMP_STAMP_IRQHandler
                0x08001738                EXTI3_IRQHandler
                0x08001738                LPTIM2_IRQHandler
                0x08001738                DFSDM1_FLT1_IRQHandler
                0x08001738                I2C3_ER_IRQHandler
                0x08001738                DFSDM1_FLT2_IRQHandler
                0x08001738                EXTI0_IRQHandler
                0x08001738                I2C2_EV_IRQHandler
                0x08001738                CAN1_RX0_IRQHandler
                0x08001738                FPU_IRQHandler
                0x08001738                TIM1_UP_TIM16_IRQHandler
                0x08001738                ADC1_2_IRQHandler
                0x08001738                SPI1_IRQHandler
                0x08001738                TIM6_DAC_IRQHandler
                0x08001738                TIM8_UP_IRQHandler
                0x08001738                DMA2_Channel2_IRQHandler
                0x08001738                DMA1_Channel4_IRQHandler
                0x08001738                SAI2_IRQHandler
                0x08001738                DFSDM1_FLT3_IRQHandler
                0x08001738                USART3_IRQHandler
                0x08001738                DMA1_Channel7_IRQHandler
                0x08001738                CAN1_RX1_IRQHandler
                0x08001738                LCD_IRQHandler
                0x08001738                UART5_IRQHandler
                0x08001738                ADC3_IRQHandler
                0x08001738                TIM4_IRQHandler
                0x08001738                DMA2_Channel1_IRQHandler
                0x08001738                QUADSPI_IRQHandler
                0x08001738                I2C1_EV_IRQHandler
                0x08001738                DMA1_Channel6_IRQHandler
                0x08001738                UART4_IRQHandler
                0x08001738                DMA2_Channel4_IRQHandler
                0x08001738                TIM3_IRQHandler
                0x08001738                RCC_IRQHandler
                0x08001738                Default_Handler
                0x08001738                DMA2_Channel7_IRQHandler
                0x08001738                EXTI15_10_IRQHandler
                0x08001738                TIM7_IRQHandler
                0x08001738                SDMMC1_IRQHandler
                0x08001738                TIM5_IRQHandler
                0x08001738                I2C3_EV_IRQHandler
                0x08001738                EXTI9_5_IRQHandler
                0x08001738                RTC_WKUP_IRQHandler
                0x08001738                PVD_PVM_IRQHandler
                0x08001738                SPI2_IRQHandler
                0x08001738                CAN1_TX_IRQHandler
                0x08001738                DMA2_Channel5_IRQHandler
                0x08001738                EXTI4_IRQHandler
                0x08001738                RNG_IRQHandler
                0x08001738                TIM1_TRG_COM_TIM17_IRQHandler
                0x08001738                DMA1_Channel3_IRQHandler
                0x08001738                COMP_IRQHandler
                0x08001738                WWDG_IRQHandler
                0x08001738                LPUART1_IRQHandler
                0x08001738                DMA2_Channel6_IRQHandler
                0x08001738                TIM2_IRQHandler
                0x08001738                EXTI1_IRQHandler
                0x08001738                USART2_IRQHandler
                0x08001738                DFSDM1_FLT0_IRQHandler
                0x08001738                I2C2_ER_IRQHandler
                0x08001738                DMA1_Channel2_IRQHandler
                0x08001738                TIM8_BRK_IRQHandler
                0x08001738                CAN1_SCE_IRQHandler
                0x08001738                FLASH_IRQHandler
                0x08001738                USART1_IRQHandler
                0x08001738                OTG_FS_IRQHandler
                0x08001738                SPI3_IRQHandler
                0x08001738                I2C1_ER_IRQHandler
                0x08001738                FMC_IRQHandler
                0x08001738                SWPMI1_IRQHandler
                0x08001738                LPTIM1_IRQHandler
                0x08001738                SAI1_IRQHandler
                0x08001738                DMA2_Channel3_IRQHandler
                0x08001738                TIM1_BRK_TIM15_IRQHandler
 *fill*         0x0800173a        0x2 
 .text.HAL_Init
                0x0800173c       0x40 ./Drivers/STM32L4xx_HAL_Driver/Src/stm32l4xx_hal.o
                0x0800173c                HAL_Init
 .text.HAL_InitTick
                0x0800177c       0x78 ./Drivers/STM32L4xx_HAL_Driver/Src/stm32l4xx_hal.o
                0x0800177c                HAL_InitTick
 .text.HAL_IncTick
                0x080017f4       0x28 ./Drivers/STM32L4xx_HAL_Driver/Src/stm32l4xx_hal.o
                0x080017f4                HAL_IncTick
 .text.HAL_GetTick
                0x0800181c       0x18 ./Drivers/STM32L4xx_HAL_Driver/Src/stm32l4xx_hal.o
                0x0800181c                HAL_GetTick
 .text.HAL_Delay
                0x08001834       0x48 ./Drivers/STM32L4xx_HAL_Driver/Src/stm32l4xx_hal.o
                0x08001834                HAL_Delay
 .text.LL_ADC_SetCommonClock
                0x0800187c       0x26 ./Drivers/STM32L4xx_HAL_Driver/Src/stm32l4xx_hal_adc.o
 .text.LL_ADC_SetCommonPathInternalCh
                0x080018a2       0x26 ./Drivers/STM32L4xx_HAL_Driver/Src/stm32l4xx_hal_adc.o
 .text.LL_ADC_GetCommonPathInternalCh
                0x080018c8       0x1c ./Drivers/STM32L4xx_HAL_Driver/Src/stm32l4xx_hal_adc.o
 .text.LL_ADC_SetOffset
                0x080018e4       0x48 ./Drivers/STM32L4xx_HAL_Driver/Src/stm32l4xx_hal_adc.o
 .text.LL_ADC_GetOffsetChannel
                0x0800192c       0x2c ./Drivers/STM32L4xx_HAL_Driver/Src/stm32l4xx_hal_adc.o
 .text.LL_ADC_SetOffsetState
                0x08001958       0x36 ./Drivers/STM32L4xx_HAL_Driver/Src/stm32l4xx_hal_adc.o
 .text.LL_ADC_REG_IsTriggerSourceSWStart
                0x0800198e       0x26 ./Drivers/STM32L4xx_HAL_Driver/Src/stm32l4xx_hal_adc.o
 .text.LL_ADC_REG_SetSequencerRanks
                0x080019b4       0x58 ./Drivers/STM32L4xx_HAL_Driver/Src/stm32l4xx_hal_adc.o
 .text.LL_ADC_SetChannelSamplingTime
                0x08001a0c       0x56 ./Drivers/STM32L4xx_HAL_Driver/Src/stm32l4xx_hal_adc.o
 *fill*         0x08001a62        0x2 
 .text.LL_ADC_SetChannelSingleDiff
                0x08001a64       0x48 ./Drivers/STM32L4xx_HAL_Driver/Src/stm32l4xx_hal_adc.o
 .text.LL_ADC_GetMultimode
                0x08001aac       0x1c ./Drivers/STM32L4xx_HAL_Driver/Src/stm32l4xx_hal_adc.o
 .text.LL_ADC_DisableDeepPowerDown
                0x08001ac8       0x24 ./Drivers/STM32L4xx_HAL_Driver/Src/stm32l4xx_hal_adc.o
 .text.LL_ADC_IsDeepPowerDownEnabled
                0x08001aec       0x28 ./Drivers/STM32L4xx_HAL_Driver/Src/stm32l4xx_hal_adc.o
 .text.LL_ADC_EnableInternalRegulator
                0x08001b14       0x28 ./Drivers/STM32L4xx_HAL_Driver/Src/stm32l4xx_hal_adc.o
 .text.LL_ADC_IsInternalRegulatorEnabled
                0x08001b3c       0x28 ./Drivers/STM32L4xx_HAL_Driver/Src/stm32l4xx_hal_adc.o
 .text.LL_ADC_Enable
                0x08001b64       0x28 ./Drivers/STM32L4xx_HAL_Driver/Src/stm32l4xx_hal_adc.o
 .text.LL_ADC_IsEnabled
                0x08001b8c       0x26 ./Drivers/STM32L4xx_HAL_Driver/Src/stm32l4xx_hal_adc.o
 .text.LL_ADC_REG_StartConversion
                0x08001bb2       0x28 ./Drivers/STM32L4xx_HAL_Driver/Src/stm32l4xx_hal_adc.o
 .text.LL_ADC_REG_IsConversionOngoing
                0x08001bda       0x26 ./Drivers/STM32L4xx_HAL_Driver/Src/stm32l4xx_hal_adc.o
 .text.LL_ADC_INJ_IsConversionOngoing
                0x08001c00       0x26 ./Drivers/STM32L4xx_HAL_Driver/Src/stm32l4xx_hal_adc.o
 *fill*         0x08001c26        0x2 
 .text.HAL_ADC_Init
                0x08001c28      0x2a0 ./Drivers/STM32L4xx_HAL_Driver/Src/stm32l4xx_hal_adc.o
                0x08001c28                HAL_ADC_Init
 .text.HAL_ADC_Start_DMA
                0x08001ec8      0x178 ./Drivers/STM32L4xx_HAL_Driver/Src/stm32l4xx_hal_adc.o
                0x08001ec8                HAL_ADC_Start_DMA
 .text.HAL_ADC_ConvCpltCallback
                0x08002040       0x14 ./Drivers/STM32L4xx_HAL_Driver/Src/stm32l4xx_hal_adc.o
                0x08002040                HAL_ADC_ConvCpltCallback
 .text.HAL_ADC_ConvHalfCpltCallback
                0x08002054       0x14 ./Drivers/STM32L4xx_HAL_Driver/Src/stm32l4xx_hal_adc.o
                0x08002054                HAL_ADC_ConvHalfCpltCallback
 .text.HAL_ADC_ErrorCallback
                0x08002068       0x14 ./Drivers/STM32L4xx_HAL_Driver/Src/stm32l4xx_hal_adc.o
                0x08002068                HAL_ADC_ErrorCallback
 .text.HAL_ADC_ConfigChannel
                0x0800207c      0x7e4 ./Drivers/STM32L4xx_HAL_Driver/Src/stm32l4xx_hal_adc.o
                0x0800207c                HAL_ADC_ConfigChannel
 .text.ADC_Enable
                0x08002860      0x10c ./Drivers/STM32L4xx_HAL_Driver/Src/stm32l4xx_hal_adc.o
                0x08002860                ADC_Enable
 .text.ADC_DMAConvCplt
                0x0800296c       0xd8 ./Drivers/STM32L4xx_HAL_Driver/Src/stm32l4xx_hal_adc.o
                0x0800296c                ADC_DMAConvCplt
 .text.ADC_DMAHalfConvCplt
                0x08002a44       0x1c ./Drivers/STM32L4xx_HAL_Driver/Src/stm32l4xx_hal_adc.o
                0x08002a44                ADC_DMAHalfConvCplt
 .text.ADC_DMAError
                0x08002a60       0x34 ./Drivers/STM32L4xx_HAL_Driver/Src/stm32l4xx_hal_adc.o
                0x08002a60                ADC_DMAError
 .text.LL_ADC_IsEnabled
                0x08002a94       0x26 ./Drivers/STM32L4xx_HAL_Driver/Src/stm32l4xx_hal_adc_ex.o
 .text.LL_ADC_REG_IsConversionOngoing
                0x08002aba       0x26 ./Drivers/STM32L4xx_HAL_Driver/Src/stm32l4xx_hal_adc_ex.o
 .text.HAL_ADCEx_MultiModeConfigChannel
                0x08002ae0      0x160 ./Drivers/STM32L4xx_HAL_Driver/Src/stm32l4xx_hal_adc_ex.o
                0x08002ae0                HAL_ADCEx_MultiModeConfigChannel
 .text.__NVIC_SetPriorityGrouping
                0x08002c40       0x48 ./Drivers/STM32L4xx_HAL_Driver/Src/stm32l4xx_hal_cortex.o
 .text.__NVIC_GetPriorityGrouping
                0x08002c88       0x1c ./Drivers/STM32L4xx_HAL_Driver/Src/stm32l4xx_hal_cortex.o
 .text.__NVIC_EnableIRQ
                0x08002ca4       0x3c ./Drivers/STM32L4xx_HAL_Driver/Src/stm32l4xx_hal_cortex.o
 .text.__NVIC_SetPriority
                0x08002ce0       0x54 ./Drivers/STM32L4xx_HAL_Driver/Src/stm32l4xx_hal_cortex.o
 .text.NVIC_EncodePriority
                0x08002d34       0x66 ./Drivers/STM32L4xx_HAL_Driver/Src/stm32l4xx_hal_cortex.o
 *fill*         0x08002d9a        0x2 
 .text.SysTick_Config
                0x08002d9c       0x44 ./Drivers/STM32L4xx_HAL_Driver/Src/stm32l4xx_hal_cortex.o
 .text.HAL_NVIC_SetPriorityGrouping
                0x08002de0       0x16 ./Drivers/STM32L4xx_HAL_Driver/Src/stm32l4xx_hal_cortex.o
                0x08002de0                HAL_NVIC_SetPriorityGrouping
 .text.HAL_NVIC_SetPriority
                0x08002df6       0x38 ./Drivers/STM32L4xx_HAL_Driver/Src/stm32l4xx_hal_cortex.o
                0x08002df6                HAL_NVIC_SetPriority
 .text.HAL_NVIC_EnableIRQ
                0x08002e2e       0x1c ./Drivers/STM32L4xx_HAL_Driver/Src/stm32l4xx_hal_cortex.o
                0x08002e2e                HAL_NVIC_EnableIRQ
 .text.HAL_SYSTICK_Config
                0x08002e4a       0x18 ./Drivers/STM32L4xx_HAL_Driver/Src/stm32l4xx_hal_cortex.o
                0x08002e4a                HAL_SYSTICK_Config
 *fill*         0x08002e62        0x2 
 .text.HAL_DMA_Init
                0x08002e64      0x170 ./Drivers/STM32L4xx_HAL_Driver/Src/stm32l4xx_hal_dma.o
                0x08002e64                HAL_DMA_Init
 .text.HAL_DMA_Start_IT
                0x08002fd4       0xc0 ./Drivers/STM32L4xx_HAL_Driver/Src/stm32l4xx_hal_dma.o
                0x08002fd4                HAL_DMA_Start_IT
 .text.HAL_DMA_IRQHandler
                0x08003094      0x15e ./Drivers/STM32L4xx_HAL_Driver/Src/stm32l4xx_hal_dma.o
                0x08003094                HAL_DMA_IRQHandler
 .text.DMA_SetConfig
                0x080031f2       0x60 ./Drivers/STM32L4xx_HAL_Driver/Src/stm32l4xx_hal_dma.o
 *fill*         0x08003252        0x2 
 .text.HAL_GPIO_Init
                0x08003254      0x354 ./Drivers/STM32L4xx_HAL_Driver/Src/stm32l4xx_hal_gpio.o
                0x08003254                HAL_GPIO_Init
 .text.HAL_GPIO_ReadPin
                0x080035a8       0x30 ./Drivers/STM32L4xx_HAL_Driver/Src/stm32l4xx_hal_gpio.o
                0x080035a8                HAL_GPIO_ReadPin
 .text.HAL_GPIO_WritePin
                0x080035d8       0x30 ./Drivers/STM32L4xx_HAL_Driver/Src/stm32l4xx_hal_gpio.o
                0x080035d8                HAL_GPIO_WritePin
 .text.HAL_PWREx_GetVoltageRange
                0x08003608       0x1c ./Drivers/STM32L4xx_HAL_Driver/Src/stm32l4xx_hal_pwr_ex.o
                0x08003608                HAL_PWREx_GetVoltageRange
 .text.HAL_PWREx_ControlVoltageScaling
                0x08003624       0xac ./Drivers/STM32L4xx_HAL_Driver/Src/stm32l4xx_hal_pwr_ex.o
                0x08003624                HAL_PWREx_ControlVoltageScaling
 .text.HAL_RCC_OscConfig
                0x080036d0      0x7b8 ./Drivers/STM32L4xx_HAL_Driver/Src/stm32l4xx_hal_rcc.o
                0x080036d0                HAL_RCC_OscConfig
 .text.HAL_RCC_ClockConfig
                0x08003e88      0x200 ./Drivers/STM32L4xx_HAL_Driver/Src/stm32l4xx_hal_rcc.o
                0x08003e88                HAL_RCC_ClockConfig
 .text.HAL_RCC_GetSysClockFreq
                0x08004088      0x118 ./Drivers/STM32L4xx_HAL_Driver/Src/stm32l4xx_hal_rcc.o
                0x08004088                HAL_RCC_GetSysClockFreq
 .text.RCC_SetFlashLatencyFromMSIRange
                0x080041a0       0xc0 ./Drivers/STM32L4xx_HAL_Driver/Src/stm32l4xx_hal_rcc.o
 .text.HAL_RCCEx_PeriphCLKConfig
                0x08004260      0x5d4 ./Drivers/STM32L4xx_HAL_Driver/Src/stm32l4xx_hal_rcc_ex.o
                0x08004260                HAL_RCCEx_PeriphCLKConfig
 .text.RCCEx_PLLSAI1_Config
                0x08004834      0x1e8 ./Drivers/STM32L4xx_HAL_Driver/Src/stm32l4xx_hal_rcc_ex.o
 .text.RCCEx_PLLSAI2_Config
                0x08004a1c      0x1bc ./Drivers/STM32L4xx_HAL_Driver/Src/stm32l4xx_hal_rcc_ex.o
 .text.HAL_SPI_Init
                0x08004bd8      0x146 ./Drivers/STM32L4xx_HAL_Driver/Src/stm32l4xx_hal_spi.o
                0x08004bd8                HAL_SPI_Init
 .text.HAL_SPI_Transmit
                0x08004d1e      0x2ec ./Drivers/STM32L4xx_HAL_Driver/Src/stm32l4xx_hal_spi.o
                0x08004d1e                HAL_SPI_Transmit
 *fill*         0x0800500a        0x2 
 .text.HAL_SPI_Transmit_DMA
                0x0800500c      0x1dc ./Drivers/STM32L4xx_HAL_Driver/Src/stm32l4xx_hal_spi.o
                0x0800500c                HAL_SPI_Transmit_DMA
 .text.HAL_SPI_TxHalfCpltCallback
                0x080051e8       0x14 ./Drivers/STM32L4xx_HAL_Driver/Src/stm32l4xx_hal_spi.o
                0x080051e8                HAL_SPI_TxHalfCpltCallback
 .text.HAL_SPI_ErrorCallback
                0x080051fc       0x14 ./Drivers/STM32L4xx_HAL_Driver/Src/stm32l4xx_hal_spi.o
                0x080051fc                HAL_SPI_ErrorCallback
 .text.HAL_SPI_GetState
                0x08005210       0x1c ./Drivers/STM32L4xx_HAL_Driver/Src/stm32l4xx_hal_spi.o
                0x08005210                HAL_SPI_GetState
 .text.SPI_DMATransmitCplt
                0x0800522c       0xa6 ./Drivers/STM32L4xx_HAL_Driver/Src/stm32l4xx_hal_spi.o
 .text.SPI_DMAHalfTransmitCplt
                0x080052d2       0x1c ./Drivers/STM32L4xx_HAL_Driver/Src/stm32l4xx_hal_spi.o
 .text.SPI_DMAError
                0x080052ee       0x40 ./Drivers/STM32L4xx_HAL_Driver/Src/stm32l4xx_hal_spi.o
 *fill*         0x0800532e        0x2 
 .text.SPI_WaitFlagStateUntilTimeout
                0x08005330      0x110 ./Drivers/STM32L4xx_HAL_Driver/Src/stm32l4xx_hal_spi.o
 .text.SPI_WaitFifoStateUntilTimeout
                0x08005440      0x12c ./Drivers/STM32L4xx_HAL_Driver/Src/stm32l4xx_hal_spi.o
 .text.SPI_EndRxTxTransaction
                0x0800556c       0x8c ./Drivers/STM32L4xx_HAL_Driver/Src/stm32l4xx_hal_spi.o
 .text.bitmap_init
                0x080055f8       0x46 ./hagl/src/bitmap.o
                0x080055f8                bitmap_init
 .text.code     0x0800563e       0x74 ./hagl/src/clip.o
 .text.clip_line
                0x080056b2      0x236 ./hagl/src/clip.o
                0x080056b2                clip_line
 .text.fontx_meta
                0x080058e8       0x40 ./hagl/src/fontx.o
                0x080058e8                fontx_meta
 .text.fontx_glyph
                0x08005928      0x124 ./hagl/src/fontx.o
                0x08005928                fontx_glyph
 .text.min      0x08005a4c       0x24 ./hagl/src/hagl.o
 .text.max      0x08005a70       0x24 ./hagl/src/hagl.o
 .text.hagl_set_clip_window
                0x08005a94       0x44 ./hagl/src/hagl.o
                0x08005a94                hagl_set_clip_window
 .text.hagl_put_pixel
                0x08005ad8       0x64 ./hagl/src/hagl.o
                0x08005ad8                hagl_put_pixel
 .text.hagl_draw_hline
                0x08005b3c       0x46 ./hagl/src/hagl.o
                0x08005b3c                hagl_draw_hline
 *fill*         0x08005b82        0x2 
 .text.hagl_draw_line
                0x08005b84      0x154 ./hagl/src/hagl.o
                0x08005b84                hagl_draw_line
 .text.hagl_fill_rectangle
                0x08005cd8      0x148 ./hagl/src/hagl.o
                0x08005cd8                hagl_fill_rectangle
 .text.hagl_put_char
                0x08005e20      0x1fc ./hagl/src/hagl.o
                0x08005e20                hagl_put_char
 .text.hagl_put_text
                0x0800601c       0x9e ./hagl/src/hagl.o
                0x0800601c                hagl_put_text
 .text.hagl_blit
                0x080060ba       0x72 ./hagl/src/hagl.o
                0x080060ba                hagl_blit
 .text.hagl_clear_screen
                0x0800612c       0x54 ./hagl/src/hagl.o
                0x0800612c                hagl_clear_screen
 .text.sprintf  0x08006180       0x44 F:/stm/STM32CubeIDE_1.19.0/STM32CubeIDE/plugins/com.st.stm32cube.ide.mcu.externaltools.gnu-tools-for-stm32.13.3.rel1.win32_1.0.0.202411081344/tools/bin/../lib/gcc/arm-none-eabi/13.3.1/../../../../arm-none-eabi/lib/thumb/v7e-m+fp/hard\libc_nano.a(libc_a-sprintf.o)
                0x08006180                siprintf
                0x08006180                sprintf
 .text.memset   0x080061c4       0x10 F:/stm/STM32CubeIDE_1.19.0/STM32CubeIDE/plugins/com.st.stm32cube.ide.mcu.externaltools.gnu-tools-for-stm32.13.3.rel1.win32_1.0.0.202411081344/tools/bin/../lib/gcc/arm-none-eabi/13.3.1/../../../../arm-none-eabi/lib/thumb/v7e-m+fp/hard\libc_nano.a(libc_a-memset.o)
                0x080061c4                memset
 .text.__errno  0x080061d4        0xc F:/stm/STM32CubeIDE_1.19.0/STM32CubeIDE/plugins/com.st.stm32cube.ide.mcu.externaltools.gnu-tools-for-stm32.13.3.rel1.win32_1.0.0.202411081344/tools/bin/../lib/gcc/arm-none-eabi/13.3.1/../../../../arm-none-eabi/lib/thumb/v7e-m+fp/hard\libc_nano.a(libc_a-errno.o)
                0x080061d4                __errno
 .text.__libc_init_array
                0x080061e0       0x48 F:/stm/STM32CubeIDE_1.19.0/STM32CubeIDE/plugins/com.st.stm32cube.ide.mcu.externaltools.gnu-tools-for-stm32.13.3.rel1.win32_1.0.0.202411081344/tools/bin/../lib/gcc/arm-none-eabi/13.3.1/../../../../arm-none-eabi/lib/thumb/v7e-m+fp/hard\libc_nano.a(libc_a-init.o)
                0x080061e0                __libc_init_array
 .text.__retarget_lock_acquire_recursive
                0x08006228        0x2 F:/stm/STM32CubeIDE_1.19.0/STM32CubeIDE/plugins/com.st.stm32cube.ide.mcu.externaltools.gnu-tools-for-stm32.13.3.rel1.win32_1.0.0.202411081344/tools/bin/../lib/gcc/arm-none-eabi/13.3.1/../../../../arm-none-eabi/lib/thumb/v7e-m+fp/hard\libc_nano.a(libc_a-lock.o)
                0x08006228                __retarget_lock_acquire_recursive
 .text.__retarget_lock_release_recursive
                0x0800622a        0x2 F:/stm/STM32CubeIDE_1.19.0/STM32CubeIDE/plugins/com.st.stm32cube.ide.mcu.externaltools.gnu-tools-for-stm32.13.3.rel1.win32_1.0.0.202411081344/tools/bin/../lib/gcc/arm-none-eabi/13.3.1/../../../../arm-none-eabi/lib/thumb/v7e-m+fp/hard\libc_nano.a(libc_a-lock.o)
                0x0800622a                __retarget_lock_release_recursive
 .text.memcpy   0x0800622c       0x1c F:/stm/STM32CubeIDE_1.19.0/STM32CubeIDE/plugins/com.st.stm32cube.ide.mcu.externaltools.gnu-tools-for-stm32.13.3.rel1.win32_1.0.0.202411081344/tools/bin/../lib/gcc/arm-none-eabi/13.3.1/../../../../arm-none-eabi/lib/thumb/v7e-m+fp/hard\libc_nano.a(libc_a-memcpy-stub.o)
                0x0800622c                memcpy
 .text._free_r  0x08006248       0x94 F:/stm/STM32CubeIDE_1.19.0/STM32CubeIDE/plugins/com.st.stm32cube.ide.mcu.externaltools.gnu-tools-for-stm32.13.3.rel1.win32_1.0.0.202411081344/tools/bin/../lib/gcc/arm-none-eabi/13.3.1/../../../../arm-none-eabi/lib/thumb/v7e-m+fp/hard\libc_nano.a(libc_a-freer.o)
                0x08006248                _free_r
 .text.sbrk_aligned
                0x080062dc       0x44 F:/stm/STM32CubeIDE_1.19.0/STM32CubeIDE/plugins/com.st.stm32cube.ide.mcu.externaltools.gnu-tools-for-stm32.13.3.rel1.win32_1.0.0.202411081344/tools/bin/../lib/gcc/arm-none-eabi/13.3.1/../../../../arm-none-eabi/lib/thumb/v7e-m+fp/hard\libc_nano.a(libc_a-mallocr.o)
 .text._malloc_r
                0x08006320      0x100 F:/stm/STM32CubeIDE_1.19.0/STM32CubeIDE/plugins/com.st.stm32cube.ide.mcu.externaltools.gnu-tools-for-stm32.13.3.rel1.win32_1.0.0.202411081344/tools/bin/../lib/gcc/arm-none-eabi/13.3.1/../../../../arm-none-eabi/lib/thumb/v7e-m+fp/hard\libc_nano.a(libc_a-mallocr.o)
                0x08006320                _malloc_r
 .text.__malloc_lock
                0x08006420        0xc F:/stm/STM32CubeIDE_1.19.0/STM32CubeIDE/plugins/com.st.stm32cube.ide.mcu.externaltools.gnu-tools-for-stm32.13.3.rel1.win32_1.0.0.202411081344/tools/bin/../lib/gcc/arm-none-eabi/13.3.1/../../../../arm-none-eabi/lib/thumb/v7e-m+fp/hard\libc_nano.a(libc_a-mlock.o)
                0x08006420                __malloc_lock
 .text.__malloc_unlock
                0x0800642c        0xc F:/stm/STM32CubeIDE_1.19.0/STM32CubeIDE/plugins/com.st.stm32cube.ide.mcu.externaltools.gnu-tools-for-stm32.13.3.rel1.win32_1.0.0.202411081344/tools/bin/../lib/gcc/arm-none-eabi/13.3.1/../../../../arm-none-eabi/lib/thumb/v7e-m+fp/hard\libc_nano.a(libc_a-mlock.o)
                0x0800642c                __malloc_unlock
 .text.__ssputs_r
                0x08006438       0xb6 F:/stm/STM32CubeIDE_1.19.0/STM32CubeIDE/plugins/com.st.stm32cube.ide.mcu.externaltools.gnu-tools-for-stm32.13.3.rel1.win32_1.0.0.202411081344/tools/bin/../lib/gcc/arm-none-eabi/13.3.1/../../../../arm-none-eabi/lib/thumb/v7e-m+fp/hard\libc_nano.a(libc_a-nano-svfprintf.o)
                0x08006438                __ssputs_r
 *fill*         0x080064ee        0x2 
 .text._svfprintf_r
                0x080064f0      0x1f8 F:/stm/STM32CubeIDE_1.19.0/STM32CubeIDE/plugins/com.st.stm32cube.ide.mcu.externaltools.gnu-tools-for-stm32.13.3.rel1.win32_1.0.0.202411081344/tools/bin/../lib/gcc/arm-none-eabi/13.3.1/../../../../arm-none-eabi/lib/thumb/v7e-m+fp/hard\libc_nano.a(libc_a-nano-svfprintf.o)
                0x080064f0                _svfiprintf_r
                0x080064f0                _svfprintf_r
 .text._printf_common
                0x080066e8       0xda F:/stm/STM32CubeIDE_1.19.0/STM32CubeIDE/plugins/com.st.stm32cube.ide.mcu.externaltools.gnu-tools-for-stm32.13.3.rel1.win32_1.0.0.202411081344/tools/bin/../lib/gcc/arm-none-eabi/13.3.1/../../../../arm-none-eabi/lib/thumb/v7e-m+fp/hard\libc_nano.a(libc_a-nano-vfprintf_i.o)
                0x080066e8                _printf_common
 *fill*         0x080067c2        0x2 
 .text._printf_i
                0x080067c4      0x23c F:/stm/STM32CubeIDE_1.19.0/STM32CubeIDE/plugins/com.st.stm32cube.ide.mcu.externaltools.gnu-tools-for-stm32.13.3.rel1.win32_1.0.0.202411081344/tools/bin/../lib/gcc/arm-none-eabi/13.3.1/../../../../arm-none-eabi/lib/thumb/v7e-m+fp/hard\libc_nano.a(libc_a-nano-vfprintf_i.o)
                0x080067c4                _printf_i
 .text.memmove  0x08006a00       0x34 F:/stm/STM32CubeIDE_1.19.0/STM32CubeIDE/plugins/com.st.stm32cube.ide.mcu.externaltools.gnu-tools-for-stm32.13.3.rel1.win32_1.0.0.202411081344/tools/bin/../lib/gcc/arm-none-eabi/13.3.1/../../../../arm-none-eabi/lib/thumb/v7e-m+fp/hard\libc_nano.a(libc_a-memmove.o)
                0x08006a00                memmove
 .text._sbrk_r  0x08006a34       0x20 F:/stm/STM32CubeIDE_1.19.0/STM32CubeIDE/plugins/com.st.stm32cube.ide.mcu.externaltools.gnu-tools-for-stm32.13.3.rel1.win32_1.0.0.202411081344/tools/bin/../lib/gcc/arm-none-eabi/13.3.1/../../../../arm-none-eabi/lib/thumb/v7e-m+fp/hard\libc_nano.a(libc_a-sbrkr.o)
                0x08006a34                _sbrk_r
 .text._realloc_r
                0x08006a54       0x5c F:/stm/STM32CubeIDE_1.19.0/STM32CubeIDE/plugins/com.st.stm32cube.ide.mcu.externaltools.gnu-tools-for-stm32.13.3.rel1.win32_1.0.0.202411081344/tools/bin/../lib/gcc/arm-none-eabi/13.3.1/../../../../arm-none-eabi/lib/thumb/v7e-m+fp/hard\libc_nano.a(libc_a-reallocr.o)
                0x08006a54                _realloc_r
 .text._malloc_usable_size_r
                0x08006ab0       0x10 F:/stm/STM32CubeIDE_1.19.0/STM32CubeIDE/plugins/com.st.stm32cube.ide.mcu.externaltools.gnu-tools-for-stm32.13.3.rel1.win32_1.0.0.202411081344/tools/bin/../lib/gcc/arm-none-eabi/13.3.1/../../../../arm-none-eabi/lib/thumb/v7e-m+fp/hard\libc_nano.a(libc_a-msizer.o)
                0x08006ab0                _malloc_usable_size_r
 *(.glue_7)
 .glue_7        0x08006ac0        0x0 linker stubs
 *(.glue_7t)
 .glue_7t       0x08006ac0        0x0 linker stubs
 *(.eh_frame)
 .eh_frame      0x08006ac0        0x0 F:/stm/STM32CubeIDE_1.19.0/STM32CubeIDE/plugins/com.st.stm32cube.ide.mcu.externaltools.gnu-tools-for-stm32.13.3.rel1.win32_1.0.0.202411081344/tools/bin/../lib/gcc/arm-none-eabi/13.3.1/thumb/v7e-m+fp/hard/crtbegin.o
 *(.init)
 .init          0x08006ac0        0x4 F:/stm/STM32CubeIDE_1.19.0/STM32CubeIDE/plugins/com.st.stm32cube.ide.mcu.externaltools.gnu-tools-for-stm32.13.3.rel1.win32_1.0.0.202411081344/tools/bin/../lib/gcc/arm-none-eabi/13.3.1/thumb/v7e-m+fp/hard/crti.o
                0x08006ac0                _init
 .init          0x08006ac4        0x8 F:/stm/STM32CubeIDE_1.19.0/STM32CubeIDE/plugins/com.st.stm32cube.ide.mcu.externaltools.gnu-tools-for-stm32.13.3.rel1.win32_1.0.0.202411081344/tools/bin/../lib/gcc/arm-none-eabi/13.3.1/thumb/v7e-m+fp/hard/crtn.o
 *(.fini)
 .fini          0x08006acc        0x4 F:/stm/STM32CubeIDE_1.19.0/STM32CubeIDE/plugins/com.st.stm32cube.ide.mcu.externaltools.gnu-tools-for-stm32.13.3.rel1.win32_1.0.0.202411081344/tools/bin/../lib/gcc/arm-none-eabi/13.3.1/thumb/v7e-m+fp/hard/crti.o
                0x08006acc                _fini
 .fini          0x08006ad0        0x8 F:/stm/STM32CubeIDE_1.19.0/STM32CubeIDE/plugins/com.st.stm32cube.ide.mcu.externaltools.gnu-tools-for-stm32.13.3.rel1.win32_1.0.0.202411081344/tools/bin/../lib/gcc/arm-none-eabi/13.3.1/thumb/v7e-m+fp/hard/crtn.o
                0x08006ad8                        . = ALIGN (0x4)
                0x08006ad8                        _etext = .

.vfp11_veneer   0x08006ad8        0x0
 .vfp11_veneer  0x08006ad8        0x0 linker stubs

.v4_bx          0x08006ad8        0x0
 .v4_bx         0x08006ad8        0x0 linker stubs

.iplt           0x08006ad8        0x0
 .iplt          0x08006ad8        0x0 F:/stm/STM32CubeIDE_1.19.0/STM32CubeIDE/plugins/com.st.stm32cube.ide.mcu.externaltools.gnu-tools-for-stm32.13.3.rel1.win32_1.0.0.202411081344/tools/bin/../lib/gcc/arm-none-eabi/13.3.1/thumb/v7e-m+fp/hard/crtbegin.o

.rodata         0x08006ad8     0x3930
                0x08006ad8                        . = ALIGN (0x4)
 *(.rodata)
 .rodata        0x08006ad8      0x1d9 ./Core/Src/main.o
 *(.rodata*)
 *fill*         0x08006cb1        0x3 
 .rodata.init_table
                0x08006cb4       0x98 ./Core/Src/lcd.o
 .rodata.font6x9
                0x08006d4c     0x2fb5 ./Core/Src/main.o
                0x08006d4c                font6x9
 *fill*         0x08009d01        0x3 
 .rodata.sprite_player
                0x08009d04      0x120 ./Core/Src/main.o
 .rodata.sprite_bullet
                0x08009e24       0x18 ./Core/Src/main.o
 .rodata.sprite_enemy_bullet
                0x08009e3c       0x18 ./Core/Src/main.o
 .rodata.sprite_crab
                0x08009e54       0xc0 ./Core/Src/main.o
 .rodata.sprite_crab_2
                0x08009f14       0xc0 ./Core/Src/main.o
 .rodata.sprite_explosion
                0x08009fd4       0xc0 ./Core/Src/main.o
 .rodata.sprite_squid
                0x0800a094       0xc0 ./Core/Src/main.o
 .rodata.sprite_squid_2
                0x0800a154       0xc0 ./Core/Src/main.o
 .rodata.sprite_octopus
                0x0800a214       0xc0 ./Core/Src/main.o
 .rodata.sprite_octopus_2
                0x0800a2d4       0xc0 ./Core/Src/main.o
 .rodata.AHBPrescTable
                0x0800a394       0x10 ./Core/Src/system_stm32l4xx.o
                0x0800a394                AHBPrescTable
 .rodata.MSIRangeTable
                0x0800a3a4       0x30 ./Core/Src/system_stm32l4xx.o
                0x0800a3a4                MSIRangeTable
 .rodata._svfprintf_r.str1.1
                0x0800a3d4       0x33 F:/stm/STM32CubeIDE_1.19.0/STM32CubeIDE/plugins/com.st.stm32cube.ide.mcu.externaltools.gnu-tools-for-stm32.13.3.rel1.win32_1.0.0.202411081344/tools/bin/../lib/gcc/arm-none-eabi/13.3.1/../../../../arm-none-eabi/lib/thumb/v7e-m+fp/hard\libc_nano.a(libc_a-nano-svfprintf.o)
                                 0x11 (size before relaxing)
 .rodata._printf_i.str1.1
                0x0800a407       0x22 F:/stm/STM32CubeIDE_1.19.0/STM32CubeIDE/plugins/com.st.stm32cube.ide.mcu.externaltools.gnu-tools-for-stm32.13.3.rel1.win32_1.0.0.202411081344/tools/bin/../lib/gcc/arm-none-eabi/13.3.1/../../../../arm-none-eabi/lib/thumb/v7e-m+fp/hard\libc_nano.a(libc_a-nano-vfprintf_i.o)
                0x0800a42c                        . = ALIGN (0x4)
 *fill*         0x0800a407        0x1 

.ARM.extab      0x0800a408        0x0
                0x0800a408                        . = ALIGN (0x4)
 *(.ARM.extab* .gnu.linkonce.armextab.*)
                0x0800a408                        . = ALIGN (0x4)

.ARM            0x0800a408        0x8
                0x0800a408                        . = ALIGN (0x4)
                0x0800a408                        __exidx_start = .
 *(.ARM.exidx*)
 .ARM.exidx     0x0800a408        0x8 F:/stm/STM32CubeIDE_1.19.0/STM32CubeIDE/plugins/com.st.stm32cube.ide.mcu.externaltools.gnu-tools-for-stm32.13.3.rel1.win32_1.0.0.202411081344/tools/bin/../lib/gcc/arm-none-eabi/13.3.1/../../../../arm-none-eabi/lib/thumb/v7e-m+fp/hard\libc_nano.a(libc_a-memchr.o)
                0x0800a410                        __exidx_end = .
                0x0800a410                        . = ALIGN (0x4)

.preinit_array  0x0800a410        0x0
                0x0800a410                        . = ALIGN (0x4)
                0x0800a410                        PROVIDE (__preinit_array_start = .)
 *(.preinit_array*)
                0x0800a410                        PROVIDE (__preinit_array_end = .)
                0x0800a410                        . = ALIGN (0x4)

.init_array     0x0800a410        0x4
                0x0800a410                        . = ALIGN (0x4)
                0x0800a410                        PROVIDE (__init_array_start = .)
 *(SORT_BY_NAME(.init_array.*))
 *(.init_array*)
 .init_array    0x0800a410        0x4 F:/stm/STM32CubeIDE_1.19.0/STM32CubeIDE/plugins/com.st.stm32cube.ide.mcu.externaltools.gnu-tools-for-stm32.13.3.rel1.win32_1.0.0.202411081344/tools/bin/../lib/gcc/arm-none-eabi/13.3.1/thumb/v7e-m+fp/hard/crtbegin.o
                0x0800a414                        PROVIDE (__init_array_end = .)
                0x0800a414                        . = ALIGN (0x4)

.fini_array     0x0800a414        0x4
                0x0800a414                        . = ALIGN (0x4)
                [!provide]                        PROVIDE (__fini_array_start = .)
 *(SORT_BY_NAME(.fini_array.*))
 *(.fini_array*)
 .fini_array    0x0800a414        0x4 F:/stm/STM32CubeIDE_1.19.0/STM32CubeIDE/plugins/com.st.stm32cube.ide.mcu.externaltools.gnu-tools-for-stm32.13.3.rel1.win32_1.0.0.202411081344/tools/bin/../lib/gcc/arm-none-eabi/13.3.1/thumb/v7e-m+fp/hard/crtbegin.o
                [!provide]                        PROVIDE (__fini_array_end = .)
                0x0800a418                        . = ALIGN (0x4)
                0x0800a418                        _sidata = LOADADDR (.data)

.rel.dyn        0x0800a418        0x0
 .rel.iplt      0x0800a418        0x0 F:/stm/STM32CubeIDE_1.19.0/STM32CubeIDE/plugins/com.st.stm32cube.ide.mcu.externaltools.gnu-tools-for-stm32.13.3.rel1.win32_1.0.0.202411081344/tools/bin/../lib/gcc/arm-none-eabi/13.3.1/thumb/v7e-m+fp/hard/crtbegin.o

.data           0x20000000       0x64 load address 0x0800a418
                0x20000000                        . = ALIGN (0x4)
                0x20000000                        _sdata = .
 *(.data)
 *(.data*)
 .data.SystemCoreClock
                0x20000000        0x4 ./Core/Src/system_stm32l4xx.o
                0x20000000                SystemCoreClock
 .data.uwTickPrio
                0x20000004        0x4 ./Drivers/STM32L4xx_HAL_Driver/Src/stm32l4xx_hal.o
                0x20000004                uwTickPrio
 .data.uwTickFreq
                0x20000008        0x1 ./Drivers/STM32L4xx_HAL_Driver/Src/stm32l4xx_hal.o
                0x20000008                uwTickFreq
 *fill*         0x20000009        0x3 
 .data.clip_window
                0x2000000c        0x8 ./hagl/src/hagl.o
 .data._impure_ptr
                0x20000014        0x4 F:/stm/STM32CubeIDE_1.19.0/STM32CubeIDE/plugins/com.st.stm32cube.ide.mcu.externaltools.gnu-tools-for-stm32.13.3.rel1.win32_1.0.0.202411081344/tools/bin/../lib/gcc/arm-none-eabi/13.3.1/../../../../arm-none-eabi/lib/thumb/v7e-m+fp/hard\libc_nano.a(libc_a-impure.o)
                0x20000014                _impure_ptr
 .data._impure_data
                0x20000018       0x4c F:/stm/STM32CubeIDE_1.19.0/STM32CubeIDE/plugins/com.st.stm32cube.ide.mcu.externaltools.gnu-tools-for-stm32.13.3.rel1.win32_1.0.0.202411081344/tools/bin/../lib/gcc/arm-none-eabi/13.3.1/../../../../arm-none-eabi/lib/thumb/v7e-m+fp/hard\libc_nano.a(libc_a-impure.o)
                0x20000018                _impure_data
 *(.RamFunc)
 *(.RamFunc*)
                0x20000064                        . = ALIGN (0x4)
                0x20000064                        _edata = .

.igot.plt       0x20000064        0x0 load address 0x0800a47c
 .igot.plt      0x20000064        0x0 F:/stm/STM32CubeIDE_1.19.0/STM32CubeIDE/plugins/com.st.stm32cube.ide.mcu.externaltools.gnu-tools-for-stm32.13.3.rel1.win32_1.0.0.202411081344/tools/bin/../lib/gcc/arm-none-eabi/13.3.1/thumb/v7e-m+fp/hard/crtbegin.o
                0x20000064                        . = ALIGN (0x4)

.bss            0x20000064     0xa334 load address 0x0800a47c
                0x20000064                        _sbss = .
                0x20000064                        __bss_start__ = _sbss
 *(.bss)
 .bss           0x20000064       0x1c F:/stm/STM32CubeIDE_1.19.0/STM32CubeIDE/plugins/com.st.stm32cube.ide.mcu.externaltools.gnu-tools-for-stm32.13.3.rel1.win32_1.0.0.202411081344/tools/bin/../lib/gcc/arm-none-eabi/13.3.1/thumb/v7e-m+fp/hard/crtbegin.o
 *(.bss*)
 .bss.hadc1     0x20000080       0x64 ./Core/Src/adc.o
                0x20000080                hadc1
 .bss.hdma_adc1
                0x200000e4       0x48 ./Core/Src/adc.o
                0x200000e4                hdma_adc1
 .bss.frame_buffer
                0x2000012c     0xa000 ./Core/Src/lcd.o
 .bss.str       0x2000a12c       0x14 ./Core/Src/main.o
                0x2000a12c                str
 .bss.wstr      0x2000a140       0x50 ./Core/Src/main.o
                0x2000a140                wstr
 .bss.JOY       0x2000a190        0x4 ./Core/Src/main.o
                0x2000a190                JOY
 .bss.joy_x     0x2000a194        0x2 ./Core/Src/main.o
                0x2000a194                joy_x
 .bss.joy_y     0x2000a196        0x2 ./Core/Src/main.o
                0x2000a196                joy_y
 .bss.button_state
                0x2000a198        0x1 ./Core/Src/main.o
                0x2000a198                button_state
 *fill*         0x2000a199        0x3 
 .bss.hspi2     0x2000a19c       0x64 ./Core/Src/spi.o
                0x2000a19c                hspi2
 .bss.hdma_spi2_tx
                0x2000a200       0x48 ./Core/Src/spi.o
                0x2000a200                hdma_spi2_tx
 .bss.__sbrk_heap_end
                0x2000a248        0x4 ./Core/Src/sysmem.o
 .bss.uwTick    0x2000a24c        0x4 ./Drivers/STM32L4xx_HAL_Driver/Src/stm32l4xx_hal.o
                0x2000a24c                uwTick
 .bss.__sf      0x2000a250      0x138 F:/stm/STM32CubeIDE_1.19.0/STM32CubeIDE/plugins/com.st.stm32cube.ide.mcu.externaltools.gnu-tools-for-stm32.13.3.rel1.win32_1.0.0.202411081344/tools/bin/../lib/gcc/arm-none-eabi/13.3.1/../../../../arm-none-eabi/lib/thumb/v7e-m+fp/hard\libc_nano.a(libc_a-findfp.o)
                0x2000a250                __sf
 .bss.errno     0x2000a388        0x4 F:/stm/STM32CubeIDE_1.19.0/STM32CubeIDE/plugins/com.st.stm32cube.ide.mcu.externaltools.gnu-tools-for-stm32.13.3.rel1.win32_1.0.0.202411081344/tools/bin/../lib/gcc/arm-none-eabi/13.3.1/../../../../arm-none-eabi/lib/thumb/v7e-m+fp/hard\libc_nano.a(libc_a-reent.o)
                0x2000a388                errno
 .bss.__lock___malloc_recursive_mutex
                0x2000a38c        0x1 F:/stm/STM32CubeIDE_1.19.0/STM32CubeIDE/plugins/com.st.stm32cube.ide.mcu.externaltools.gnu-tools-for-stm32.13.3.rel1.win32_1.0.0.202411081344/tools/bin/../lib/gcc/arm-none-eabi/13.3.1/../../../../arm-none-eabi/lib/thumb/v7e-m+fp/hard\libc_nano.a(libc_a-lock.o)
                0x2000a38c                __lock___malloc_recursive_mutex
 *fill*         0x2000a38d        0x3 
 .bss.__malloc_sbrk_start
                0x2000a390        0x4 F:/stm/STM32CubeIDE_1.19.0/STM32CubeIDE/plugins/com.st.stm32cube.ide.mcu.externaltools.gnu-tools-for-stm32.13.3.rel1.win32_1.0.0.202411081344/tools/bin/../lib/gcc/arm-none-eabi/13.3.1/../../../../arm-none-eabi/lib/thumb/v7e-m+fp/hard\libc_nano.a(libc_a-mallocr.o)
                0x2000a390                __malloc_sbrk_start
 .bss.__malloc_free_list
                0x2000a394        0x4 F:/stm/STM32CubeIDE_1.19.0/STM32CubeIDE/plugins/com.st.stm32cube.ide.mcu.externaltools.gnu-tools-for-stm32.13.3.rel1.win32_1.0.0.202411081344/tools/bin/../lib/gcc/arm-none-eabi/13.3.1/../../../../arm-none-eabi/lib/thumb/v7e-m+fp/hard\libc_nano.a(libc_a-mallocr.o)
                0x2000a394                __malloc_free_list
 *(COMMON)
                0x2000a398                        . = ALIGN (0x4)
                0x2000a398                        _ebss = .
                0x2000a398                        __bss_end__ = _ebss

._user_heap_stack
                0x2000a398     0x2200 load address 0x0800a47c
                0x2000a398                        . = ALIGN (0x8)
                [!provide]                        PROVIDE (end = .)
                0x2000a398                        PROVIDE (_end = .)
                0x2000a598                        . = (. + _Min_Heap_Size)
 *fill*         0x2000a398      0x200 
                0x2000c598                        . = (. + _Min_Stack_Size)
 *fill*         0x2000a598     0x2000 
                0x2000c598                        . = ALIGN (0x8)

/DISCARD/
 libc.a(*)
 libm.a(*)
 libgcc.a(*)

.ARM.attributes
                0x00000000       0x30
 *(.ARM.attributes)
 .ARM.attributes
                0x00000000       0x22 F:/stm/STM32CubeIDE_1.19.0/STM32CubeIDE/plugins/com.st.stm32cube.ide.mcu.externaltools.gnu-tools-for-stm32.13.3.rel1.win32_1.0.0.202411081344/tools/bin/../lib/gcc/arm-none-eabi/13.3.1/thumb/v7e-m+fp/hard/crti.o
 .ARM.attributes
                0x00000022       0x34 F:/stm/STM32CubeIDE_1.19.0/STM32CubeIDE/plugins/com.st.stm32cube.ide.mcu.externaltools.gnu-tools-for-stm32.13.3.rel1.win32_1.0.0.202411081344/tools/bin/../lib/gcc/arm-none-eabi/13.3.1/thumb/v7e-m+fp/hard/crtbegin.o
 .ARM.attributes
                0x00000056       0x34 ./Core/Src/adc.o
 .ARM.attributes
                0x0000008a       0x34 ./Core/Src/dma.o
 .ARM.attributes
                0x000000be       0x34 ./Core/Src/gpio.o
 .ARM.attributes
                0x000000f2       0x34 ./Core/Src/lcd.o
 .ARM.attributes
                0x00000126       0x34 ./Core/Src/main.o
 .ARM.attributes
                0x0000015a       0x34 ./Core/Src/spi.o
 .ARM.attributes
                0x0000018e       0x34 ./Core/Src/stm32l4xx_hal_msp.o
 .ARM.attributes
                0x000001c2       0x34 ./Core/Src/stm32l4xx_it.o
 .ARM.attributes
                0x000001f6       0x34 ./Core/Src/sysmem.o
 .ARM.attributes
                0x0000022a       0x34 ./Core/Src/system_stm32l4xx.o
 .ARM.attributes
                0x0000025e       0x21 ./Core/Startup/startup_stm32l476rgtx.o
 .ARM.attributes
                0x0000027f       0x34 ./Drivers/STM32L4xx_HAL_Driver/Src/stm32l4xx_hal.o
 .ARM.attributes
                0x000002b3       0x34 ./Drivers/STM32L4xx_HAL_Driver/Src/stm32l4xx_hal_adc.o
 .ARM.attributes
                0x000002e7       0x34 ./Drivers/STM32L4xx_HAL_Driver/Src/stm32l4xx_hal_adc_ex.o
 .ARM.attributes
                0x0000031b       0x34 ./Drivers/STM32L4xx_HAL_Driver/Src/stm32l4xx_hal_cortex.o
 .ARM.attributes
                0x0000034f       0x34 ./Drivers/STM32L4xx_HAL_Driver/Src/stm32l4xx_hal_dma.o
 .ARM.attributes
                0x00000383       0x34 ./Drivers/STM32L4xx_HAL_Driver/Src/stm32l4xx_hal_gpio.o
 .ARM.attributes
                0x000003b7       0x34 ./Drivers/STM32L4xx_HAL_Driver/Src/stm32l4xx_hal_pwr_ex.o
 .ARM.attributes
                0x000003eb       0x34 ./Drivers/STM32L4xx_HAL_Driver/Src/stm32l4xx_hal_rcc.o
 .ARM.attributes
                0x0000041f       0x34 ./Drivers/STM32L4xx_HAL_Driver/Src/stm32l4xx_hal_rcc_ex.o
 .ARM.attributes
                0x00000453       0x34 ./Drivers/STM32L4xx_HAL_Driver/Src/stm32l4xx_hal_spi.o
 .ARM.attributes
                0x00000487       0x34 ./hagl/src/bitmap.o
 .ARM.attributes
                0x000004bb       0x34 ./hagl/src/clip.o
 .ARM.attributes
                0x000004ef       0x34 ./hagl/src/fontx.o
 .ARM.attributes
                0x00000523       0x34 ./hagl/src/hagl.o
 .ARM.attributes
                0x00000557       0x34 F:/stm/STM32CubeIDE_1.19.0/STM32CubeIDE/plugins/com.st.stm32cube.ide.mcu.externaltools.gnu-tools-for-stm32.13.3.rel1.win32_1.0.0.202411081344/tools/bin/../lib/gcc/arm-none-eabi/13.3.1/../../../../arm-none-eabi/lib/thumb/v7e-m+fp/hard\libc_nano.a(libc_a-findfp.o)
 .ARM.attributes
                0x0000058b       0x34 F:/stm/STM32CubeIDE_1.19.0/STM32CubeIDE/plugins/com.st.stm32cube.ide.mcu.externaltools.gnu-tools-for-stm32.13.3.rel1.win32_1.0.0.202411081344/tools/bin/../lib/gcc/arm-none-eabi/13.3.1/../../../../arm-none-eabi/lib/thumb/v7e-m+fp/hard\libc_nano.a(libc_a-sprintf.o)
 .ARM.attributes
                0x000005bf       0x34 F:/stm/STM32CubeIDE_1.19.0/STM32CubeIDE/plugins/com.st.stm32cube.ide.mcu.externaltools.gnu-tools-for-stm32.13.3.rel1.win32_1.0.0.202411081344/tools/bin/../lib/gcc/arm-none-eabi/13.3.1/../../../../arm-none-eabi/lib/thumb/v7e-m+fp/hard\libc_nano.a(libc_a-memset.o)
 .ARM.attributes
                0x000005f3       0x34 F:/stm/STM32CubeIDE_1.19.0/STM32CubeIDE/plugins/com.st.stm32cube.ide.mcu.externaltools.gnu-tools-for-stm32.13.3.rel1.win32_1.0.0.202411081344/tools/bin/../lib/gcc/arm-none-eabi/13.3.1/../../../../arm-none-eabi/lib/thumb/v7e-m+fp/hard\libc_nano.a(libc_a-reent.o)
 .ARM.attributes
                0x00000627       0x34 F:/stm/STM32CubeIDE_1.19.0/STM32CubeIDE/plugins/com.st.stm32cube.ide.mcu.externaltools.gnu-tools-for-stm32.13.3.rel1.win32_1.0.0.202411081344/tools/bin/../lib/gcc/arm-none-eabi/13.3.1/../../../../arm-none-eabi/lib/thumb/v7e-m+fp/hard\libc_nano.a(libc_a-impure.o)
 .ARM.attributes
                0x0000065b       0x34 F:/stm/STM32CubeIDE_1.19.0/STM32CubeIDE/plugins/com.st.stm32cube.ide.mcu.externaltools.gnu-tools-for-stm32.13.3.rel1.win32_1.0.0.202411081344/tools/bin/../lib/gcc/arm-none-eabi/13.3.1/../../../../arm-none-eabi/lib/thumb/v7e-m+fp/hard\libc_nano.a(libc_a-errno.o)
 .ARM.attributes
                0x0000068f       0x34 F:/stm/STM32CubeIDE_1.19.0/STM32CubeIDE/plugins/com.st.stm32cube.ide.mcu.externaltools.gnu-tools-for-stm32.13.3.rel1.win32_1.0.0.202411081344/tools/bin/../lib/gcc/arm-none-eabi/13.3.1/../../../../arm-none-eabi/lib/thumb/v7e-m+fp/hard\libc_nano.a(libc_a-init.o)
 .ARM.attributes
                0x000006c3       0x34 F:/stm/STM32CubeIDE_1.19.0/STM32CubeIDE/plugins/com.st.stm32cube.ide.mcu.externaltools.gnu-tools-for-stm32.13.3.rel1.win32_1.0.0.202411081344/tools/bin/../lib/gcc/arm-none-eabi/13.3.1/../../../../arm-none-eabi/lib/thumb/v7e-m+fp/hard\libc_nano.a(libc_a-lock.o)
 .ARM.attributes
                0x000006f7       0x34 F:/stm/STM32CubeIDE_1.19.0/STM32CubeIDE/plugins/com.st.stm32cube.ide.mcu.externaltools.gnu-tools-for-stm32.13.3.rel1.win32_1.0.0.202411081344/tools/bin/../lib/gcc/arm-none-eabi/13.3.1/../../../../arm-none-eabi/lib/thumb/v7e-m+fp/hard\libc_nano.a(libc_a-memcpy-stub.o)
 .ARM.attributes
                0x0000072b       0x34 F:/stm/STM32CubeIDE_1.19.0/STM32CubeIDE/plugins/com.st.stm32cube.ide.mcu.externaltools.gnu-tools-for-stm32.13.3.rel1.win32_1.0.0.202411081344/tools/bin/../lib/gcc/arm-none-eabi/13.3.1/../../../../arm-none-eabi/lib/thumb/v7e-m+fp/hard\libc_nano.a(libc_a-freer.o)
 .ARM.attributes
                0x0000075f       0x34 F:/stm/STM32CubeIDE_1.19.0/STM32CubeIDE/plugins/com.st.stm32cube.ide.mcu.externaltools.gnu-tools-for-stm32.13.3.rel1.win32_1.0.0.202411081344/tools/bin/../lib/gcc/arm-none-eabi/13.3.1/../../../../arm-none-eabi/lib/thumb/v7e-m+fp/hard\libc_nano.a(libc_a-mallocr.o)
 .ARM.attributes
                0x00000793       0x34 F:/stm/STM32CubeIDE_1.19.0/STM32CubeIDE/plugins/com.st.stm32cube.ide.mcu.externaltools.gnu-tools-for-stm32.13.3.rel1.win32_1.0.0.202411081344/tools/bin/../lib/gcc/arm-none-eabi/13.3.1/../../../../arm-none-eabi/lib/thumb/v7e-m+fp/hard\libc_nano.a(libc_a-mlock.o)
 .ARM.attributes
                0x000007c7       0x34 F:/stm/STM32CubeIDE_1.19.0/STM32CubeIDE/plugins/com.st.stm32cube.ide.mcu.externaltools.gnu-tools-for-stm32.13.3.rel1.win32_1.0.0.202411081344/tools/bin/../lib/gcc/arm-none-eabi/13.3.1/../../../../arm-none-eabi/lib/thumb/v7e-m+fp/hard\libc_nano.a(libc_a-nano-svfprintf.o)
 .ARM.attributes
                0x000007fb       0x34 F:/stm/STM32CubeIDE_1.19.0/STM32CubeIDE/plugins/com.st.stm32cube.ide.mcu.externaltools.gnu-tools-for-stm32.13.3.rel1.win32_1.0.0.202411081344/tools/bin/../lib/gcc/arm-none-eabi/13.3.1/../../../../arm-none-eabi/lib/thumb/v7e-m+fp/hard\libc_nano.a(libc_a-nano-vfprintf_i.o)
 .ARM.attributes
                0x0000082f       0x34 F:/stm/STM32CubeIDE_1.19.0/STM32CubeIDE/plugins/com.st.stm32cube.ide.mcu.externaltools.gnu-tools-for-stm32.13.3.rel1.win32_1.0.0.202411081344/tools/bin/../lib/gcc/arm-none-eabi/13.3.1/../../../../arm-none-eabi/lib/thumb/v7e-m+fp/hard\libc_nano.a(libc_a-memmove.o)
 .ARM.attributes
                0x00000863       0x34 F:/stm/STM32CubeIDE_1.19.0/STM32CubeIDE/plugins/com.st.stm32cube.ide.mcu.externaltools.gnu-tools-for-stm32.13.3.rel1.win32_1.0.0.202411081344/tools/bin/../lib/gcc/arm-none-eabi/13.3.1/../../../../arm-none-eabi/lib/thumb/v7e-m+fp/hard\libc_nano.a(libc_a-sbrkr.o)
 .ARM.attributes
                0x00000897       0x1c F:/stm/STM32CubeIDE_1.19.0/STM32CubeIDE/plugins/com.st.stm32cube.ide.mcu.externaltools.gnu-tools-for-stm32.13.3.rel1.win32_1.0.0.202411081344/tools/bin/../lib/gcc/arm-none-eabi/13.3.1/../../../../arm-none-eabi/lib/thumb/v7e-m+fp/hard\libc_nano.a(libc_a-memchr.o)
 .ARM.attributes
                0x000008b3       0x34 F:/stm/STM32CubeIDE_1.19.0/STM32CubeIDE/plugins/com.st.stm32cube.ide.mcu.externaltools.gnu-tools-for-stm32.13.3.rel1.win32_1.0.0.202411081344/tools/bin/../lib/gcc/arm-none-eabi/13.3.1/../../../../arm-none-eabi/lib/thumb/v7e-m+fp/hard\libc_nano.a(libc_a-reallocr.o)
 .ARM.attributes
                0x000008e7       0x34 F:/stm/STM32CubeIDE_1.19.0/STM32CubeIDE/plugins/com.st.stm32cube.ide.mcu.externaltools.gnu-tools-for-stm32.13.3.rel1.win32_1.0.0.202411081344/tools/bin/../lib/gcc/arm-none-eabi/13.3.1/../../../../arm-none-eabi/lib/thumb/v7e-m+fp/hard\libc_nano.a(libc_a-msizer.o)
 .ARM.attributes
                0x0000091b       0x22 F:/stm/STM32CubeIDE_1.19.0/STM32CubeIDE/plugins/com.st.stm32cube.ide.mcu.externaltools.gnu-tools-for-stm32.13.3.rel1.win32_1.0.0.202411081344/tools/bin/../lib/gcc/arm-none-eabi/13.3.1/thumb/v7e-m+fp/hard/crtn.o
OUTPUT(ALIEN_INVADERS.elf elf32-littlearm)
LOAD linker stubs
LOAD F:/stm/STM32CubeIDE_1.19.0/STM32CubeIDE/plugins/com.st.stm32cube.ide.mcu.externaltools.gnu-tools-for-stm32.13.3.rel1.win32_1.0.0.202411081344/tools/bin/../lib/gcc/arm-none-eabi/13.3.1/../../../../arm-none-eabi/lib/thumb/v7e-m+fp/hard\libc.a
LOAD F:/stm/STM32CubeIDE_1.19.0/STM32CubeIDE/plugins/com.st.stm32cube.ide.mcu.externaltools.gnu-tools-for-stm32.13.3.rel1.win32_1.0.0.202411081344/tools/bin/../lib/gcc/arm-none-eabi/13.3.1/../../../../arm-none-eabi/lib/thumb/v7e-m+fp/hard\libm.a
LOAD F:/stm/STM32CubeIDE_1.19.0/STM32CubeIDE/plugins/com.st.stm32cube.ide.mcu.externaltools.gnu-tools-for-stm32.13.3.rel1.win32_1.0.0.202411081344/tools/bin/../lib/gcc/arm-none-eabi/13.3.1/thumb/v7e-m+fp/hard\libgcc.a

.debug_info     0x00000000    0x10d55
 .debug_info    0x00000000      0xef0 ./Core/Src/adc.o
 .debug_info    0x00000ef0      0x503 ./Core/Src/dma.o
 .debug_info    0x000013f3      0x48b ./Core/Src/gpio.o
 .debug_info    0x0000187e      0x8d6 ./Core/Src/lcd.o
 .debug_info    0x00002154     0x13d3 ./Core/Src/main.o
 .debug_info    0x00003527      0x9de ./Core/Src/spi.o
 .debug_info    0x00003f05      0x2b9 ./Core/Src/stm32l4xx_hal_msp.o
 .debug_info    0x000041be      0x382 ./Core/Src/stm32l4xx_it.o
 .debug_info    0x00004540      0x168 ./Core/Src/sysmem.o
 .debug_info    0x000046a8      0x5b1 ./Core/Src/system_stm32l4xx.o
 .debug_info    0x00004c59       0x30 ./Core/Startup/startup_stm32l476rgtx.o
 .debug_info    0x00004c89      0xc09 ./Drivers/STM32L4xx_HAL_Driver/Src/stm32l4xx_hal.o
 .debug_info    0x00005892     0x1db8 ./Drivers/STM32L4xx_HAL_Driver/Src/stm32l4xx_hal_adc.o
 .debug_info    0x0000764a     0x1b24 ./Drivers/STM32L4xx_HAL_Driver/Src/stm32l4xx_hal_adc_ex.o
 .debug_info    0x0000916e      0xd81 ./Drivers/STM32L4xx_HAL_Driver/Src/stm32l4xx_hal_cortex.o
 .debug_info    0x00009eef      0x6f4 ./Drivers/STM32L4xx_HAL_Driver/Src/stm32l4xx_hal_dma.o
 .debug_info    0x0000a5e3      0x757 ./Drivers/STM32L4xx_HAL_Driver/Src/stm32l4xx_hal_gpio.o
 .debug_info    0x0000ad3a      0x99e ./Drivers/STM32L4xx_HAL_Driver/Src/stm32l4xx_hal_pwr_ex.o
 .debug_info    0x0000b6d8      0xc14 ./Drivers/STM32L4xx_HAL_Driver/Src/stm32l4xx_hal_rcc.o
 .debug_info    0x0000c2ec      0xe11 ./Drivers/STM32L4xx_HAL_Driver/Src/stm32l4xx_hal_rcc_ex.o
 .debug_info    0x0000d0fd     0x1549 ./Drivers/STM32L4xx_HAL_Driver/Src/stm32l4xx_hal_spi.o
 .debug_info    0x0000e646      0x40c ./hagl/src/bitmap.o
 .debug_info    0x0000ea52      0x262 ./hagl/src/clip.o
 .debug_info    0x0000ecb4      0x27a ./hagl/src/fontx.o
 .debug_info    0x0000ef2e     0x1e27 ./hagl/src/hagl.o

.debug_abbrev   0x00000000     0x2fa9
 .debug_abbrev  0x00000000      0x205 ./Core/Src/adc.o
 .debug_abbrev  0x00000205       0xfc ./Core/Src/dma.o
 .debug_abbrev  0x00000301      0x152 ./Core/Src/gpio.o
 .debug_abbrev  0x00000453      0x256 ./Core/Src/lcd.o
 .debug_abbrev  0x000006a9      0x386 ./Core/Src/main.o
 .debug_abbrev  0x00000a2f      0x20e ./Core/Src/spi.o
 .debug_abbrev  0x00000c3d       0xc6 ./Core/Src/stm32l4xx_hal_msp.o
 .debug_abbrev  0x00000d03      0x170 ./Core/Src/stm32l4xx_it.o
 .debug_abbrev  0x00000e73       0xbc ./Core/Src/sysmem.o
 .debug_abbrev  0x00000f2f      0x11a ./Core/Src/system_stm32l4xx.o
 .debug_abbrev  0x00001049       0x24 ./Core/Startup/startup_stm32l476rgtx.o
 .debug_abbrev  0x0000106d      0x243 ./Drivers/STM32L4xx_HAL_Driver/Src/stm32l4xx_hal.o
 .debug_abbrev  0x000012b0      0x2de ./Drivers/STM32L4xx_HAL_Driver/Src/stm32l4xx_hal_adc.o
 .debug_abbrev  0x0000158e      0x2f1 ./Drivers/STM32L4xx_HAL_Driver/Src/stm32l4xx_hal_adc_ex.o
 .debug_abbrev  0x0000187f      0x31c ./Drivers/STM32L4xx_HAL_Driver/Src/stm32l4xx_hal_cortex.o
 .debug_abbrev  0x00001b9b      0x1e4 ./Drivers/STM32L4xx_HAL_Driver/Src/stm32l4xx_hal_dma.o
 .debug_abbrev  0x00001d7f      0x1cb ./Drivers/STM32L4xx_HAL_Driver/Src/stm32l4xx_hal_gpio.o
 .debug_abbrev  0x00001f4a      0x1f9 ./Drivers/STM32L4xx_HAL_Driver/Src/stm32l4xx_hal_pwr_ex.o
 .debug_abbrev  0x00002143      0x2cb ./Drivers/STM32L4xx_HAL_Driver/Src/stm32l4xx_hal_rcc.o
 .debug_abbrev  0x0000240e      0x2a6 ./Drivers/STM32L4xx_HAL_Driver/Src/stm32l4xx_hal_rcc_ex.o
 .debug_abbrev  0x000026b4      0x260 ./Drivers/STM32L4xx_HAL_Driver/Src/stm32l4xx_hal_spi.o
 .debug_abbrev  0x00002914       0xfa ./hagl/src/bitmap.o
 .debug_abbrev  0x00002a0e       0xf4 ./hagl/src/clip.o
 .debug_abbrev  0x00002b02      0x110 ./hagl/src/fontx.o
 .debug_abbrev  0x00002c12      0x397 ./hagl/src/hagl.o

.debug_aranges  0x00000000      0xf90
 .debug_aranges
                0x00000000       0x30 ./Core/Src/adc.o
 .debug_aranges
                0x00000030       0x20 ./Core/Src/dma.o
 .debug_aranges
                0x00000050       0x20 ./Core/Src/gpio.o
 .debug_aranges
                0x00000070       0x68 ./Core/Src/lcd.o
 .debug_aranges
                0x000000d8       0x58 ./Core/Src/main.o
 .debug_aranges
                0x00000130       0x30 ./Core/Src/spi.o
 .debug_aranges
                0x00000160       0x20 ./Core/Src/stm32l4xx_hal_msp.o
 .debug_aranges
                0x00000180       0x70 ./Core/Src/stm32l4xx_it.o
 .debug_aranges
                0x000001f0       0x20 ./Core/Src/sysmem.o
 .debug_aranges
                0x00000210       0x28 ./Core/Src/system_stm32l4xx.o
 .debug_aranges
                0x00000238       0x28 ./Core/Startup/startup_stm32l476rgtx.o
 .debug_aranges
                0x00000260      0x130 ./Drivers/STM32L4xx_HAL_Driver/Src/stm32l4xx_hal.o
 .debug_aranges
                0x00000390      0x220 ./Drivers/STM32L4xx_HAL_Driver/Src/stm32l4xx_hal_adc.o
 .debug_aranges
                0x000005b0      0x1a8 ./Drivers/STM32L4xx_HAL_Driver/Src/stm32l4xx_hal_adc_ex.o
 .debug_aranges
                0x00000758      0x128 ./Drivers/STM32L4xx_HAL_Driver/Src/stm32l4xx_hal_cortex.o
 .debug_aranges
                0x00000880       0x80 ./Drivers/STM32L4xx_HAL_Driver/Src/stm32l4xx_hal_dma.o
 .debug_aranges
                0x00000900       0x58 ./Drivers/STM32L4xx_HAL_Driver/Src/stm32l4xx_hal_gpio.o
 .debug_aranges
                0x00000958      0x160 ./Drivers/STM32L4xx_HAL_Driver/Src/stm32l4xx_hal_pwr_ex.o
 .debug_aranges
                0x00000ab8       0x90 ./Drivers/STM32L4xx_HAL_Driver/Src/stm32l4xx_hal_rcc.o
 .debug_aranges
                0x00000b48       0xc0 ./Drivers/STM32L4xx_HAL_Driver/Src/stm32l4xx_hal_rcc_ex.o
 .debug_aranges
                0x00000c08      0x1d8 ./Drivers/STM32L4xx_HAL_Driver/Src/stm32l4xx_hal_spi.o
 .debug_aranges
                0x00000de0       0x38 ./hagl/src/bitmap.o
 .debug_aranges
                0x00000e18       0x28 ./hagl/src/clip.o
 .debug_aranges
                0x00000e40       0x28 ./hagl/src/fontx.o
 .debug_aranges
                0x00000e68      0x128 ./hagl/src/hagl.o

.debug_rnglists
                0x00000000      0xbb7
 .debug_rnglists
                0x00000000       0x21 ./Core/Src/adc.o
 .debug_rnglists
                0x00000021       0x13 ./Core/Src/dma.o
 .debug_rnglists
                0x00000034       0x14 ./Core/Src/gpio.o
 .debug_rnglists
                0x00000048       0x49 ./Core/Src/lcd.o
 .debug_rnglists
                0x00000091       0x41 ./Core/Src/main.o
 .debug_rnglists
                0x000000d2       0x20 ./Core/Src/spi.o
 .debug_rnglists
                0x000000f2       0x13 ./Core/Src/stm32l4xx_hal_msp.o
 .debug_rnglists
                0x00000105       0x4f ./Core/Src/stm32l4xx_it.o
 .debug_rnglists
                0x00000154       0x13 ./Core/Src/sysmem.o
 .debug_rnglists
                0x00000167       0x1a ./Core/Src/system_stm32l4xx.o
 .debug_rnglists
                0x00000181       0x19 ./Core/Startup/startup_stm32l476rgtx.o
 .debug_rnglists
                0x0000019a       0xdf ./Drivers/STM32L4xx_HAL_Driver/Src/stm32l4xx_hal.o
 .debug_rnglists
                0x00000279      0x1b1 ./Drivers/STM32L4xx_HAL_Driver/Src/stm32l4xx_hal_adc.o
 .debug_rnglists
                0x0000042a      0x148 ./Drivers/STM32L4xx_HAL_Driver/Src/stm32l4xx_hal_adc_ex.o
 .debug_rnglists
                0x00000572       0xda ./Drivers/STM32L4xx_HAL_Driver/Src/stm32l4xx_hal_cortex.o
 .debug_rnglists
                0x0000064c       0x64 ./Drivers/STM32L4xx_HAL_Driver/Src/stm32l4xx_hal_dma.o
 .debug_rnglists
                0x000006b0       0x3f ./Drivers/STM32L4xx_HAL_Driver/Src/stm32l4xx_hal_gpio.o
 .debug_rnglists
                0x000006ef      0x109 ./Drivers/STM32L4xx_HAL_Driver/Src/stm32l4xx_hal_pwr_ex.o
 .debug_rnglists
                0x000007f8       0x6d ./Drivers/STM32L4xx_HAL_Driver/Src/stm32l4xx_hal_rcc.o
 .debug_rnglists
                0x00000865       0x95 ./Drivers/STM32L4xx_HAL_Driver/Src/stm32l4xx_hal_rcc_ex.o
 .debug_rnglists
                0x000008fa      0x178 ./Drivers/STM32L4xx_HAL_Driver/Src/stm32l4xx_hal_spi.o
 .debug_rnglists
                0x00000a72       0x27 ./hagl/src/bitmap.o
 .debug_rnglists
                0x00000a99       0x1a ./hagl/src/clip.o
 .debug_rnglists
                0x00000ab3       0x1a ./hagl/src/fontx.o
 .debug_rnglists
                0x00000acd       0xea ./hagl/src/hagl.o

.debug_macro    0x00000000    0x28de9
 .debug_macro   0x00000000      0x1e9 ./Core/Src/adc.o
 .debug_macro   0x000001e9      0xad8 ./Core/Src/adc.o
 .debug_macro   0x00000cc1      0x1a7 ./Core/Src/adc.o
 .debug_macro   0x00000e68       0x2e ./Core/Src/adc.o
 .debug_macro   0x00000e96       0x28 ./Core/Src/adc.o
 .debug_macro   0x00000ebe       0x22 ./Core/Src/adc.o
 .debug_macro   0x00000ee0       0x8e ./Core/Src/adc.o
 .debug_macro   0x00000f6e       0x51 ./Core/Src/adc.o
 .debug_macro   0x00000fbf      0x103 ./Core/Src/adc.o
 .debug_macro   0x000010c2       0x6a ./Core/Src/adc.o
 .debug_macro   0x0000112c      0x1df ./Core/Src/adc.o
 .debug_macro   0x0000130b       0x1c ./Core/Src/adc.o
 .debug_macro   0x00001327       0x22 ./Core/Src/adc.o
 .debug_macro   0x00001349       0xfb ./Core/Src/adc.o
 .debug_macro   0x00001444     0x1011 ./Core/Src/adc.o
 .debug_macro   0x00002455      0x11f ./Core/Src/adc.o
 .debug_macro   0x00002574    0x1a17a ./Core/Src/adc.o
 .debug_macro   0x0001c6ee       0x6d ./Core/Src/adc.o
 .debug_macro   0x0001c75b     0x38fb ./Core/Src/adc.o
 .debug_macro   0x00020056      0x190 ./Core/Src/adc.o
 .debug_macro   0x000201e6       0x5c ./Core/Src/adc.o
 .debug_macro   0x00020242     0x159e ./Core/Src/adc.o
 .debug_macro   0x000217e0      0x5a5 ./Core/Src/adc.o
 .debug_macro   0x00021d85      0x1b9 ./Core/Src/adc.o
 .debug_macro   0x00021f3e      0x18b ./Core/Src/adc.o
 .debug_macro   0x000220c9      0x26b ./Core/Src/adc.o
 .debug_macro   0x00022334      0x23d ./Core/Src/adc.o
 .debug_macro   0x00022571      0xf91 ./Core/Src/adc.o
 .debug_macro   0x00023502      0x632 ./Core/Src/adc.o
 .debug_macro   0x00023b34      0x30c ./Core/Src/adc.o
 .debug_macro   0x00023e40      0x241 ./Core/Src/adc.o
 .debug_macro   0x00024081      0x37c ./Core/Src/adc.o
 .debug_macro   0x000243fd       0xd6 ./Core/Src/adc.o
 .debug_macro   0x000244d3      0x122 ./Core/Src/adc.o
 .debug_macro   0x000245f5      0x3ef ./Core/Src/adc.o
 .debug_macro   0x000249e4      0x2fe ./Core/Src/adc.o
 .debug_macro   0x00024ce2      0x330 ./Core/Src/adc.o
 .debug_macro   0x00025012       0x7c ./Core/Src/adc.o
 .debug_macro   0x0002508e      0x1e9 ./Core/Src/dma.o
 .debug_macro   0x00025277      0x1e9 ./Core/Src/gpio.o
 .debug_macro   0x00025460      0x285 ./Core/Src/lcd.o
 .debug_macro   0x000256e5       0x22 ./Core/Src/lcd.o
 .debug_macro   0x00025707       0x46 ./Core/Src/lcd.o
 .debug_macro   0x0002574d      0x385 ./Core/Src/main.o
 .debug_macro   0x00025ad2       0x10 ./Core/Src/main.o
 .debug_macro   0x00025ae2       0x1c ./Core/Src/main.o
 .debug_macro   0x00025afe       0x28 ./Core/Src/main.o
 .debug_macro   0x00025b26       0x61 ./Core/Src/main.o
 .debug_macro   0x00025b87       0x2a ./Core/Src/main.o
 .debug_macro   0x00025bb1       0x43 ./Core/Src/main.o
 .debug_macro   0x00025bf4       0x34 ./Core/Src/main.o
 .debug_macro   0x00025c28       0x16 ./Core/Src/main.o
 .debug_macro   0x00025c3e       0x3c ./Core/Src/main.o
 .debug_macro   0x00025c7a      0x370 ./Core/Src/main.o
 .debug_macro   0x00025fea       0x10 ./Core/Src/main.o
 .debug_macro   0x00025ffa       0x16 ./Core/Src/main.o
 .debug_macro   0x00026010       0x4a ./Core/Src/main.o
 .debug_macro   0x0002605a       0x34 ./Core/Src/main.o
 .debug_macro   0x0002608e       0x10 ./Core/Src/main.o
 .debug_macro   0x0002609e       0x58 ./Core/Src/main.o
 .debug_macro   0x000260f6       0x8e ./Core/Src/main.o
 .debug_macro   0x00026184       0x1c ./Core/Src/main.o
 .debug_macro   0x000261a0      0x185 ./Core/Src/main.o
 .debug_macro   0x00026325       0x16 ./Core/Src/main.o
 .debug_macro   0x0002633b       0x16 ./Core/Src/main.o
 .debug_macro   0x00026351      0x146 ./Core/Src/main.o
 .debug_macro   0x00026497       0x22 ./Core/Src/main.o
 .debug_macro   0x000264b9       0x43 ./Core/Src/main.o
 .debug_macro   0x000264fc       0x26 ./Core/Src/main.o
 .debug_macro   0x00026522      0x1e9 ./Core/Src/spi.o
 .debug_macro   0x0002670b      0x1df ./Core/Src/stm32l4xx_hal_msp.o
 .debug_macro   0x000268ea      0x1e9 ./Core/Src/stm32l4xx_it.o
 .debug_macro   0x00026ad3      0x112 ./Core/Src/sysmem.o
 .debug_macro   0x00026be5      0x23c ./Core/Src/sysmem.o
 .debug_macro   0x00026e21      0x1d0 ./Core/Src/system_stm32l4xx.o
 .debug_macro   0x00026ff1      0x21e ./Drivers/STM32L4xx_HAL_Driver/Src/stm32l4xx_hal.o
 .debug_macro   0x0002720f      0x1ed ./Drivers/STM32L4xx_HAL_Driver/Src/stm32l4xx_hal_adc.o
 .debug_macro   0x000273fc      0x1dc ./Drivers/STM32L4xx_HAL_Driver/Src/stm32l4xx_hal_adc_ex.o
 .debug_macro   0x000275d8      0x1d0 ./Drivers/STM32L4xx_HAL_Driver/Src/stm32l4xx_hal_cortex.o
 .debug_macro   0x000277a8      0x1d0 ./Drivers/STM32L4xx_HAL_Driver/Src/stm32l4xx_hal_dma.o
 .debug_macro   0x00027978      0x1d7 ./Drivers/STM32L4xx_HAL_Driver/Src/stm32l4xx_hal_gpio.o
 .debug_macro   0x00027b4f      0x1f4 ./Drivers/STM32L4xx_HAL_Driver/Src/stm32l4xx_hal_pwr_ex.o
 .debug_macro   0x00027d43      0x212 ./Drivers/STM32L4xx_HAL_Driver/Src/stm32l4xx_hal_rcc.o
 .debug_macro   0x00027f55      0x206 ./Drivers/STM32L4xx_HAL_Driver/Src/stm32l4xx_hal_rcc_ex.o
 .debug_macro   0x0002815b      0x1d8 ./Drivers/STM32L4xx_HAL_Driver/Src/stm32l4xx_hal_spi.o
 .debug_macro   0x00028333      0x17a ./hagl/src/bitmap.o
 .debug_macro   0x000284ad      0x11c ./hagl/src/bitmap.o
 .debug_macro   0x000285c9       0x9b ./hagl/src/bitmap.o
 .debug_macro   0x00028664       0x16 ./hagl/src/bitmap.o
 .debug_macro   0x0002867a       0x20 ./hagl/src/bitmap.o
 .debug_macro   0x0002869a      0x19b ./hagl/src/bitmap.o
 .debug_macro   0x00028835       0x76 ./hagl/src/clip.o
 .debug_macro   0x000288ab      0x147 ./hagl/src/fontx.o
 .debug_macro   0x000289f2       0x10 ./hagl/src/fontx.o
 .debug_macro   0x00028a02       0x4c ./hagl/src/fontx.o
 .debug_macro   0x00028a4e      0x23e ./hagl/src/hagl.o
 .debug_macro   0x00028c8c      0x11f ./hagl/src/hagl.o
 .debug_macro   0x00028dab       0x1c ./hagl/src/hagl.o
 .debug_macro   0x00028dc7       0x22 ./hagl/src/hagl.o

.debug_line     0x00000000    0x13d6a
 .debug_line    0x00000000      0x86c ./Core/Src/adc.o
 .debug_line    0x0000086c      0x75d ./Core/Src/dma.o
 .debug_line    0x00000fc9      0x7a2 ./Core/Src/gpio.o
 .debug_line    0x0000176b      0x89c ./Core/Src/lcd.o
 .debug_line    0x00002007      0xe2e ./Core/Src/main.o
 .debug_line    0x00002e35      0x817 ./Core/Src/spi.o
 .debug_line    0x0000364c      0x75f ./Core/Src/stm32l4xx_hal_msp.o
 .debug_line    0x00003dab      0x83e ./Core/Src/stm32l4xx_it.o
 .debug_line    0x000045e9      0x58d ./Core/Src/sysmem.o
 .debug_line    0x00004b76      0x7fd ./Core/Src/system_stm32l4xx.o
 .debug_line    0x00005373       0x7a ./Core/Startup/startup_stm32l476rgtx.o
 .debug_line    0x000053ed      0xb66 ./Drivers/STM32L4xx_HAL_Driver/Src/stm32l4xx_hal.o
 .debug_line    0x00005f53     0x1f4f ./Drivers/STM32L4xx_HAL_Driver/Src/stm32l4xx_hal_adc.o
 .debug_line    0x00007ea2     0x1946 ./Drivers/STM32L4xx_HAL_Driver/Src/stm32l4xx_hal_adc_ex.o
 .debug_line    0x000097e8      0xd00 ./Drivers/STM32L4xx_HAL_Driver/Src/stm32l4xx_hal_cortex.o
 .debug_line    0x0000a4e8      0xd3f ./Drivers/STM32L4xx_HAL_Driver/Src/stm32l4xx_hal_dma.o
 .debug_line    0x0000b227      0xbb9 ./Drivers/STM32L4xx_HAL_Driver/Src/stm32l4xx_hal_gpio.o
 .debug_line    0x0000bde0      0xd47 ./Drivers/STM32L4xx_HAL_Driver/Src/stm32l4xx_hal_pwr_ex.o
 .debug_line    0x0000cb27     0x10ba ./Drivers/STM32L4xx_HAL_Driver/Src/stm32l4xx_hal_rcc.o
 .debug_line    0x0000dbe1     0x1587 ./Drivers/STM32L4xx_HAL_Driver/Src/stm32l4xx_hal_rcc_ex.o
 .debug_line    0x0000f168     0x2045 ./Drivers/STM32L4xx_HAL_Driver/Src/stm32l4xx_hal_spi.o
 .debug_line    0x000111ad      0x8d4 ./hagl/src/bitmap.o
 .debug_line    0x00011a81      0x5be ./hagl/src/clip.o
 .debug_line    0x0001203f      0x695 ./hagl/src/fontx.o
 .debug_line    0x000126d4     0x1696 ./hagl/src/hagl.o

.debug_str      0x00000000    0xfa49d
 .debug_str     0x00000000    0xfa49d ./Core/Src/adc.o
                              0xf1045 (size before relaxing)
 .debug_str     0x000fa49d    0xf0c44 ./Core/Src/dma.o
 .debug_str     0x000fa49d    0xf0816 ./Core/Src/gpio.o
 .debug_str     0x000fa49d    0xf0e03 ./Core/Src/lcd.o
 .debug_str     0x000fa49d    0xf4dfc ./Core/Src/main.o
 .debug_str     0x000fa49d    0xf0c59 ./Core/Src/spi.o
 .debug_str     0x000fa49d    0xf0734 ./Core/Src/stm32l4xx_hal_msp.o
 .debug_str     0x000fa49d    0xf08bc ./Core/Src/stm32l4xx_it.o
 .debug_str     0x000fa49d     0x7768 ./Core/Src/sysmem.o
 .debug_str     0x000fa49d    0xf063b ./Core/Src/system_stm32l4xx.o
 .debug_str     0x000fa49d       0x6a ./Core/Startup/startup_stm32l476rgtx.o
 .debug_str     0x000fa49d    0xf123a ./Drivers/STM32L4xx_HAL_Driver/Src/stm32l4xx_hal.o
 .debug_str     0x000fa49d    0xf1482 ./Drivers/STM32L4xx_HAL_Driver/Src/stm32l4xx_hal_adc.o
 .debug_str     0x000fa49d    0xf142b ./Drivers/STM32L4xx_HAL_Driver/Src/stm32l4xx_hal_adc_ex.o
 .debug_str     0x000fa49d    0xf0eb4 ./Drivers/STM32L4xx_HAL_Driver/Src/stm32l4xx_hal_cortex.o
 .debug_str     0x000fa49d    0xf08a5 ./Drivers/STM32L4xx_HAL_Driver/Src/stm32l4xx_hal_dma.o
 .debug_str     0x000fa49d    0xf07b4 ./Drivers/STM32L4xx_HAL_Driver/Src/stm32l4xx_hal_gpio.o
 .debug_str     0x000fa49d    0xf0b96 ./Drivers/STM32L4xx_HAL_Driver/Src/stm32l4xx_hal_pwr_ex.o
 .debug_str     0x000fa49d    0xf0c81 ./Drivers/STM32L4xx_HAL_Driver/Src/stm32l4xx_hal_rcc.o
 .debug_str     0x000fa49d    0xf0dfa ./Drivers/STM32L4xx_HAL_Driver/Src/stm32l4xx_hal_rcc_ex.o
 .debug_str     0x000fa49d    0xf0e56 ./Drivers/STM32L4xx_HAL_Driver/Src/stm32l4xx_hal_spi.o
 .debug_str     0x000fa49d     0x7d28 ./hagl/src/bitmap.o
 .debug_str     0x000fa49d     0x3e5c ./hagl/src/clip.o
 .debug_str     0x000fa49d     0x74a9 ./hagl/src/fontx.o
 .debug_str     0x000fa49d     0x8dff ./hagl/src/hagl.o

.comment        0x00000000       0x43
 .comment       0x00000000       0x43 ./Core/Src/adc.o
                                 0x44 (size before relaxing)
 .comment       0x00000043       0x44 ./Core/Src/dma.o
 .comment       0x00000043       0x44 ./Core/Src/gpio.o
 .comment       0x00000043       0x44 ./Core/Src/lcd.o
 .comment       0x00000043       0x44 ./Core/Src/main.o
 .comment       0x00000043       0x44 ./Core/Src/spi.o
 .comment       0x00000043       0x44 ./Core/Src/stm32l4xx_hal_msp.o
 .comment       0x00000043       0x44 ./Core/Src/stm32l4xx_it.o
 .comment       0x00000043       0x44 ./Core/Src/sysmem.o
 .comment       0x00000043       0x44 ./Core/Src/system_stm32l4xx.o
 .comment       0x00000043       0x44 ./Drivers/STM32L4xx_HAL_Driver/Src/stm32l4xx_hal.o
 .comment       0x00000043       0x44 ./Drivers/STM32L4xx_HAL_Driver/Src/stm32l4xx_hal_adc.o
 .comment       0x00000043       0x44 ./Drivers/STM32L4xx_HAL_Driver/Src/stm32l4xx_hal_adc_ex.o
 .comment       0x00000043       0x44 ./Drivers/STM32L4xx_HAL_Driver/Src/stm32l4xx_hal_cortex.o
 .comment       0x00000043       0x44 ./Drivers/STM32L4xx_HAL_Driver/Src/stm32l4xx_hal_dma.o
 .comment       0x00000043       0x44 ./Drivers/STM32L4xx_HAL_Driver/Src/stm32l4xx_hal_gpio.o
 .comment       0x00000043       0x44 ./Drivers/STM32L4xx_HAL_Driver/Src/stm32l4xx_hal_pwr_ex.o
 .comment       0x00000043       0x44 ./Drivers/STM32L4xx_HAL_Driver/Src/stm32l4xx_hal_rcc.o
 .comment       0x00000043       0x44 ./Drivers/STM32L4xx_HAL_Driver/Src/stm32l4xx_hal_rcc_ex.o
 .comment       0x00000043       0x44 ./Drivers/STM32L4xx_HAL_Driver/Src/stm32l4xx_hal_spi.o
 .comment       0x00000043       0x44 ./hagl/src/bitmap.o
 .comment       0x00000043       0x44 ./hagl/src/clip.o
 .comment       0x00000043       0x44 ./hagl/src/fontx.o
 .comment       0x00000043       0x44 ./hagl/src/hagl.o

.debug_frame    0x00000000     0x4380
 .debug_frame   0x00000000       0x80 ./Core/Src/adc.o
 .debug_frame   0x00000080       0x34 ./Core/Src/dma.o
 .debug_frame   0x000000b4       0x34 ./Core/Src/gpio.o
 .debug_frame   0x000000e8      0x164 ./Core/Src/lcd.o
 .debug_frame   0x0000024c      0x128 ./Core/Src/main.o
 .debug_frame   0x00000374       0x74 ./Core/Src/spi.o
 .debug_frame   0x000003e8       0x38 ./Core/Src/stm32l4xx_hal_msp.o
 .debug_frame   0x00000420      0x13c ./Core/Src/stm32l4xx_it.o
 .debug_frame   0x0000055c       0x34 ./Core/Src/sysmem.o
 .debug_frame   0x00000590       0x58 ./Core/Src/system_stm32l4xx.o
 .debug_frame   0x000005e8      0x498 ./Drivers/STM32L4xx_HAL_Driver/Src/stm32l4xx_hal.o
 .debug_frame   0x00000a80      0xa04 ./Drivers/STM32L4xx_HAL_Driver/Src/stm32l4xx_hal_adc.o
 .debug_frame   0x00001484      0x7a4 ./Drivers/STM32L4xx_HAL_Driver/Src/stm32l4xx_hal_adc_ex.o
 .debug_frame   0x00001c28      0x4e8 ./Drivers/STM32L4xx_HAL_Driver/Src/stm32l4xx_hal_cortex.o
 .debug_frame   0x00002110      0x204 ./Drivers/STM32L4xx_HAL_Driver/Src/stm32l4xx_hal_dma.o
 .debug_frame   0x00002314      0x14c ./Drivers/STM32L4xx_HAL_Driver/Src/stm32l4xx_hal_gpio.o
 .debug_frame   0x00002460      0x584 ./Drivers/STM32L4xx_HAL_Driver/Src/stm32l4xx_hal_pwr_ex.o
 .debug_frame   0x000029e4      0x21c ./Drivers/STM32L4xx_HAL_Driver/Src/stm32l4xx_hal_rcc.o
 .debug_frame   0x00002c00      0x2fc ./Drivers/STM32L4xx_HAL_Driver/Src/stm32l4xx_hal_rcc_ex.o
 .debug_frame   0x00002efc      0x860 ./Drivers/STM32L4xx_HAL_Driver/Src/stm32l4xx_hal_spi.o
 .debug_frame   0x0000375c       0xb4 ./hagl/src/bitmap.o
 .debug_frame   0x00003810       0x60 ./hagl/src/clip.o
 .debug_frame   0x00003870       0x58 ./hagl/src/fontx.o
 .debug_frame   0x000038c8      0x52c ./hagl/src/hagl.o
 .debug_frame   0x00003df4      0x144 F:/stm/STM32CubeIDE_1.19.0/STM32CubeIDE/plugins/com.st.stm32cube.ide.mcu.externaltools.gnu-tools-for-stm32.13.3.rel1.win32_1.0.0.202411081344/tools/bin/../lib/gcc/arm-none-eabi/13.3.1/../../../../arm-none-eabi/lib/thumb/v7e-m+fp/hard\libc_nano.a(libc_a-findfp.o)
 .debug_frame   0x00003f38       0x74 F:/stm/STM32CubeIDE_1.19.0/STM32CubeIDE/plugins/com.st.stm32cube.ide.mcu.externaltools.gnu-tools-for-stm32.13.3.rel1.win32_1.0.0.202411081344/tools/bin/../lib/gcc/arm-none-eabi/13.3.1/../../../../arm-none-eabi/lib/thumb/v7e-m+fp/hard\libc_nano.a(libc_a-sprintf.o)
 .debug_frame   0x00003fac       0x20 F:/stm/STM32CubeIDE_1.19.0/STM32CubeIDE/plugins/com.st.stm32cube.ide.mcu.externaltools.gnu-tools-for-stm32.13.3.rel1.win32_1.0.0.202411081344/tools/bin/../lib/gcc/arm-none-eabi/13.3.1/../../../../arm-none-eabi/lib/thumb/v7e-m+fp/hard\libc_nano.a(libc_a-memset.o)
 .debug_frame   0x00003fcc       0x38 F:/stm/STM32CubeIDE_1.19.0/STM32CubeIDE/plugins/com.st.stm32cube.ide.mcu.externaltools.gnu-tools-for-stm32.13.3.rel1.win32_1.0.0.202411081344/tools/bin/../lib/gcc/arm-none-eabi/13.3.1/../../../../arm-none-eabi/lib/thumb/v7e-m+fp/hard\libc_nano.a(libc_a-reent.o)
 .debug_frame   0x00004004       0x20 F:/stm/STM32CubeIDE_1.19.0/STM32CubeIDE/plugins/com.st.stm32cube.ide.mcu.externaltools.gnu-tools-for-stm32.13.3.rel1.win32_1.0.0.202411081344/tools/bin/../lib/gcc/arm-none-eabi/13.3.1/../../../../arm-none-eabi/lib/thumb/v7e-m+fp/hard\libc_nano.a(libc_a-errno.o)
 .debug_frame   0x00004024       0x2c F:/stm/STM32CubeIDE_1.19.0/STM32CubeIDE/plugins/com.st.stm32cube.ide.mcu.externaltools.gnu-tools-for-stm32.13.3.rel1.win32_1.0.0.202411081344/tools/bin/../lib/gcc/arm-none-eabi/13.3.1/../../../../arm-none-eabi/lib/thumb/v7e-m+fp/hard\libc_nano.a(libc_a-init.o)
 .debug_frame   0x00004050       0xb0 F:/stm/STM32CubeIDE_1.19.0/STM32CubeIDE/plugins/com.st.stm32cube.ide.mcu.externaltools.gnu-tools-for-stm32.13.3.rel1.win32_1.0.0.202411081344/tools/bin/../lib/gcc/arm-none-eabi/13.3.1/../../../../arm-none-eabi/lib/thumb/v7e-m+fp/hard\libc_nano.a(libc_a-lock.o)
 .debug_frame   0x00004100       0x28 F:/stm/STM32CubeIDE_1.19.0/STM32CubeIDE/plugins/com.st.stm32cube.ide.mcu.externaltools.gnu-tools-for-stm32.13.3.rel1.win32_1.0.0.202411081344/tools/bin/../lib/gcc/arm-none-eabi/13.3.1/../../../../arm-none-eabi/lib/thumb/v7e-m+fp/hard\libc_nano.a(libc_a-memcpy-stub.o)
 .debug_frame   0x00004128       0x38 F:/stm/STM32CubeIDE_1.19.0/STM32CubeIDE/plugins/com.st.stm32cube.ide.mcu.externaltools.gnu-tools-for-stm32.13.3.rel1.win32_1.0.0.202411081344/tools/bin/../lib/gcc/arm-none-eabi/13.3.1/../../../../arm-none-eabi/lib/thumb/v7e-m+fp/hard\libc_nano.a(libc_a-freer.o)
 .debug_frame   0x00004160       0x50 F:/stm/STM32CubeIDE_1.19.0/STM32CubeIDE/plugins/com.st.stm32cube.ide.mcu.externaltools.gnu-tools-for-stm32.13.3.rel1.win32_1.0.0.202411081344/tools/bin/../lib/gcc/arm-none-eabi/13.3.1/../../../../arm-none-eabi/lib/thumb/v7e-m+fp/hard\libc_nano.a(libc_a-mallocr.o)
 .debug_frame   0x000041b0       0x30 F:/stm/STM32CubeIDE_1.19.0/STM32CubeIDE/plugins/com.st.stm32cube.ide.mcu.externaltools.gnu-tools-for-stm32.13.3.rel1.win32_1.0.0.202411081344/tools/bin/../lib/gcc/arm-none-eabi/13.3.1/../../../../arm-none-eabi/lib/thumb/v7e-m+fp/hard\libc_nano.a(libc_a-mlock.o)
 .debug_frame   0x000041e0       0x90 F:/stm/STM32CubeIDE_1.19.0/STM32CubeIDE/plugins/com.st.stm32cube.ide.mcu.externaltools.gnu-tools-for-stm32.13.3.rel1.win32_1.0.0.202411081344/tools/bin/../lib/gcc/arm-none-eabi/13.3.1/../../../../arm-none-eabi/lib/thumb/v7e-m+fp/hard\libc_nano.a(libc_a-nano-svfprintf.o)
 .debug_frame   0x00004270       0x60 F:/stm/STM32CubeIDE_1.19.0/STM32CubeIDE/plugins/com.st.stm32cube.ide.mcu.externaltools.gnu-tools-for-stm32.13.3.rel1.win32_1.0.0.202411081344/tools/bin/../lib/gcc/arm-none-eabi/13.3.1/../../../../arm-none-eabi/lib/thumb/v7e-m+fp/hard\libc_nano.a(libc_a-nano-vfprintf_i.o)
 .debug_frame   0x000042d0       0x28 F:/stm/STM32CubeIDE_1.19.0/STM32CubeIDE/plugins/com.st.stm32cube.ide.mcu.externaltools.gnu-tools-for-stm32.13.3.rel1.win32_1.0.0.202411081344/tools/bin/../lib/gcc/arm-none-eabi/13.3.1/../../../../arm-none-eabi/lib/thumb/v7e-m+fp/hard\libc_nano.a(libc_a-memmove.o)
 .debug_frame   0x000042f8       0x2c F:/stm/STM32CubeIDE_1.19.0/STM32CubeIDE/plugins/com.st.stm32cube.ide.mcu.externaltools.gnu-tools-for-stm32.13.3.rel1.win32_1.0.0.202411081344/tools/bin/../lib/gcc/arm-none-eabi/13.3.1/../../../../arm-none-eabi/lib/thumb/v7e-m+fp/hard\libc_nano.a(libc_a-sbrkr.o)
 .debug_frame   0x00004324       0x3c F:/stm/STM32CubeIDE_1.19.0/STM32CubeIDE/plugins/com.st.stm32cube.ide.mcu.externaltools.gnu-tools-for-stm32.13.3.rel1.win32_1.0.0.202411081344/tools/bin/../lib/gcc/arm-none-eabi/13.3.1/../../../../arm-none-eabi/lib/thumb/v7e-m+fp/hard\libc_nano.a(libc_a-reallocr.o)
 .debug_frame   0x00004360       0x20 F:/stm/STM32CubeIDE_1.19.0/STM32CubeIDE/plugins/com.st.stm32cube.ide.mcu.externaltools.gnu-tools-for-stm32.13.3.rel1.win32_1.0.0.202411081344/tools/bin/../lib/gcc/arm-none-eabi/13.3.1/../../../../arm-none-eabi/lib/thumb/v7e-m+fp/hard\libc_nano.a(libc_a-msizer.o)

.debug_line_str
                0x00000000       0x4e
 .debug_line_str
                0x00000000       0x4e ./Core/Startup/startup_stm32l476rgtx.o
